Component: ARM Compiler 5.05 update 1 (build 106) Tool: armlink [4d0efa]

==============================================================================

Section Cross References

    startup_stm32f10x_cl.o(STACK) refers (Special) to heapauxi.o(.text) for __use_two_region_memory
    startup_stm32f10x_cl.o(HEAP) refers (Special) to heapauxi.o(.text) for __use_two_region_memory
    startup_stm32f10x_cl.o(RESET) refers (Special) to heapauxi.o(.text) for __use_two_region_memory
    startup_stm32f10x_cl.o(RESET) refers to startup_stm32f10x_cl.o(STACK) for __initial_sp
    startup_stm32f10x_cl.o(RESET) refers to startup_stm32f10x_cl.o(.text) for Reset_Handler
    startup_stm32f10x_cl.o(RESET) refers to stm32f10x_it.o(i.NMI_Handler) for NMI_Handler
    startup_stm32f10x_cl.o(RESET) refers to stm32f10x_it.o(i.HardFault_Handler) for HardFault_Handler
    startup_stm32f10x_cl.o(RESET) refers to stm32f10x_it.o(i.MemManage_Handler) for MemManage_Handler
    startup_stm32f10x_cl.o(RESET) refers to stm32f10x_it.o(i.BusFault_Handler) for BusFault_Handler
    startup_stm32f10x_cl.o(RESET) refers to stm32f10x_it.o(i.UsageFault_Handler) for UsageFault_Handler
    startup_stm32f10x_cl.o(RESET) refers to stm32f10x_it.o(i.SVC_Handler) for SVC_Handler
    startup_stm32f10x_cl.o(RESET) refers to stm32f10x_it.o(i.DebugMon_Handler) for DebugMon_Handler
    startup_stm32f10x_cl.o(RESET) refers to stm32f10x_it.o(i.PendSV_Handler) for PendSV_Handler
    startup_stm32f10x_cl.o(RESET) refers to stm32f10x_it.o(i.SysTick_Handler) for SysTick_Handler
    startup_stm32f10x_cl.o(RESET) refers to uartcom2.o(i.DMA1_Channel6_IRQHandler) for DMA1_Channel6_IRQHandler
    startup_stm32f10x_cl.o(RESET) refers to uartcom2.o(i.DMA1_Channel7_IRQHandler) for DMA1_Channel7_IRQHandler
    startup_stm32f10x_cl.o(RESET) refers to timer3.o(i.TIM3_IRQHandler) for TIM3_IRQHandler
    startup_stm32f10x_cl.o(RESET) refers to uartcom2.o(i.USART2_IRQHandler) for USART2_IRQHandler
    startup_stm32f10x_cl.o(RESET) refers to dp83848.o(i.ETH_IRQHandler) for ETH_IRQHandler
    startup_stm32f10x_cl.o(.text) refers (Special) to heapauxi.o(.text) for __use_two_region_memory
    startup_stm32f10x_cl.o(.text) refers to system_stm32f10x.o(i.SystemInit) for SystemInit
    startup_stm32f10x_cl.o(.text) refers to __main.o(!!!main) for __main
    startup_stm32f10x_cl.o(.text) refers to startup_stm32f10x_cl.o(HEAP) for Heap_Mem
    startup_stm32f10x_cl.o(.text) refers to startup_stm32f10x_cl.o(STACK) for Stack_Mem
    stm32f10x_adc.o(i.ADC_DeInit) refers to stm32f10x_rcc.o(i.RCC_APB2PeriphResetCmd) for RCC_APB2PeriphResetCmd
    stm32f10x_bkp.o(i.BKP_DeInit) refers to stm32f10x_rcc.o(i.RCC_BackupResetCmd) for RCC_BackupResetCmd
    stm32f10x_can.o(i.CAN_DeInit) refers to stm32f10x_rcc.o(i.RCC_APB1PeriphResetCmd) for RCC_APB1PeriphResetCmd
    stm32f10x_can.o(i.CAN_GetITStatus) refers to stm32f10x_can.o(i.CheckITStatus) for CheckITStatus
    stm32f10x_cec.o(i.CEC_DeInit) refers to stm32f10x_rcc.o(i.RCC_APB1PeriphResetCmd) for RCC_APB1PeriphResetCmd
    stm32f10x_dac.o(i.DAC_DeInit) refers to stm32f10x_rcc.o(i.RCC_APB1PeriphResetCmd) for RCC_APB1PeriphResetCmd
    stm32f10x_flash.o(i.FLASH_EnableWriteProtection) refers to stm32f10x_flash.o(i.FLASH_WaitForLastOperation) for FLASH_WaitForLastOperation
    stm32f10x_flash.o(i.FLASH_EraseAllBank1Pages) refers to stm32f10x_flash.o(i.FLASH_WaitForLastBank1Operation) for FLASH_WaitForLastBank1Operation
    stm32f10x_flash.o(i.FLASH_EraseAllPages) refers to stm32f10x_flash.o(i.FLASH_WaitForLastOperation) for FLASH_WaitForLastOperation
    stm32f10x_flash.o(i.FLASH_EraseOptionBytes) refers to stm32f10x_flash.o(i.FLASH_GetReadOutProtectionStatus) for FLASH_GetReadOutProtectionStatus
    stm32f10x_flash.o(i.FLASH_EraseOptionBytes) refers to stm32f10x_flash.o(i.FLASH_WaitForLastOperation) for FLASH_WaitForLastOperation
    stm32f10x_flash.o(i.FLASH_ErasePage) refers to stm32f10x_flash.o(i.FLASH_WaitForLastOperation) for FLASH_WaitForLastOperation
    stm32f10x_flash.o(i.FLASH_ProgramHalfWord) refers to stm32f10x_flash.o(i.FLASH_WaitForLastOperation) for FLASH_WaitForLastOperation
    stm32f10x_flash.o(i.FLASH_ProgramOptionByteData) refers to stm32f10x_flash.o(i.FLASH_WaitForLastOperation) for FLASH_WaitForLastOperation
    stm32f10x_flash.o(i.FLASH_ProgramWord) refers to stm32f10x_flash.o(i.FLASH_WaitForLastOperation) for FLASH_WaitForLastOperation
    stm32f10x_flash.o(i.FLASH_ReadOutProtection) refers to stm32f10x_flash.o(i.FLASH_WaitForLastOperation) for FLASH_WaitForLastOperation
    stm32f10x_flash.o(i.FLASH_UserOptionByteConfig) refers to stm32f10x_flash.o(i.FLASH_WaitForLastOperation) for FLASH_WaitForLastOperation
    stm32f10x_flash.o(i.FLASH_WaitForLastBank1Operation) refers to stm32f10x_flash.o(i.FLASH_GetBank1Status) for FLASH_GetBank1Status
    stm32f10x_flash.o(i.FLASH_WaitForLastOperation) refers to stm32f10x_flash.o(i.FLASH_GetBank1Status) for FLASH_GetBank1Status
[...]
    __rt_entry_presh_1                       0x080002b9   Thumb Code     0  __rtentry2.o(.ARM.Collect$$rtentry$$00000002)
    __rt_entry_sh                            0x080002b9   Thumb Code     0  __rtentry4.o(.ARM.Collect$$rtentry$$00000004)
    __rt_entry_li                            0x080002bf   Thumb Code     0  __rtentry2.o(.ARM.Collect$$rtentry$$0000000A)
    __rt_entry_postsh_1                      0x080002bf   Thumb Code     0  __rtentry2.o(.ARM.Collect$$rtentry$$00000009)
    __rt_entry_main                          0x080002c3   Thumb Code     0  __rtentry2.o(.ARM.Collect$$rtentry$$0000000D)
    __rt_entry_postli_1                      0x080002c3   Thumb Code     0  __rtentry2.o(.ARM.Collect$$rtentry$$0000000C)
    __rt_exit                                0x080002cb   Thumb Code     0  rtexit.o(.ARM.Collect$$rtexit$$00000000)
    __rt_exit_ls                             0x080002cd   Thumb Code     0  rtexit2.o(.ARM.Collect$$rtexit$$00000003)
    __rt_exit_prels_1                        0x080002cd   Thumb Code     0  rtexit2.o(.ARM.Collect$$rtexit$$00000002)
    __rt_exit_exit                           0x080002d1   Thumb Code     0  rtexit2.o(.ARM.Collect$$rtexit$$00000004)
    Reset_Handler                            0x080002d9   Thumb Code     8  startup_stm32f10x_cl.o(.text)
    ADC1_2_IRQHandler                        0x080002f3   Thumb Code     0  startup_stm32f10x_cl.o(.text)
    CAN1_RX0_IRQHandler                      0x080002f3   Thumb Code     0  startup_stm32f10x_cl.o(.text)
    CAN1_RX1_IRQHandler                      0x080002f3   Thumb Code     0  startup_stm32f10x_cl.o(.text)
    CAN1_SCE_IRQHandler                      0x080002f3   Thumb Code     0  startup_stm32f10x_cl.o(.text)
    CAN1_TX_IRQHandler                       0x080002f3   Thumb Code     0  startup_stm32f10x_cl.o(.text)
    CAN2_RX0_IRQHandler                      0x080002f3   Thumb Code     0  startup_stm32f10x_cl.o(.text)
    CAN2_RX1_IRQHandler                      0x080002f3   Thumb Code     0  startup_stm32f10x_cl.o(.text)
    CAN2_SCE_IRQHandler                      0x080002f3   Thumb Code     0  startup_stm32f10x_cl.o(.text)
    CAN2_TX_IRQHandler                       0x080002f3   Thumb Code     0  startup_stm32f10x_cl.o(.text)
    DMA1_Channel1_IRQHandler                 0x080002f3   Thumb Code     0  startup_stm32f10x_cl.o(.text)
    DMA1_Channel2_IRQHandler                 0x080002f3   Thumb Code     0  startup_stm32f10x_cl.o(.text)
    DMA1_Channel3_IRQHandler                 0x080002f3   Thumb Code     0  startup_stm32f10x_cl.o(.text)
    DMA1_Channel4_IRQHandler                 0x080002f3   Thumb Code     0  startup_stm32f10x_cl.o(.text)
    DMA1_Channel5_IRQHandler                 0x080002f3   Thumb Code     0  startup_stm32f10x_cl.o(.text)
    DMA2_Channel1_IRQHandler                 0x080002f3   Thumb Code     0  startup_stm32f10x_cl.o(.text)
    DMA2_Channel2_IRQHandler                 0x080002f3   Thumb Code     0  startup_stm32f10x_cl.o(.text)
    DMA2_Channel3_IRQHandler                 0x080002f3   Thumb Code     0  startup_stm32f10x_cl.o(.text)
    DMA2_Channel4_IRQHandler                 0x080002f3   Thumb Code     0  startup_stm32f10x_cl.o(.text)
    DMA2_Channel5_IRQHandler                 0x080002f3   Thumb Code     0  startup_stm32f10x_cl.o(.text)
    ETH_WKUP_IRQHandler                      0x080002f3   Thumb Code     0  startup_stm32f10x_cl.o(.text)
    EXTI0_IRQHandler                         0x080002f3   Thumb Code     0  startup_stm32f10x_cl.o(.text)
    EXTI15_10_IRQHandler                     0x080002f3   Thumb Code     0  startup_stm32f10x_cl.o(.text)
    EXTI1_IRQHandler                         0x080002f3   Thumb Code     0  startup_stm32f10x_cl.o(.text)
    EXTI2_IRQHandler                         0x080002f3   Thumb Code     0  startup_stm32f10x_cl.o(.text)
    EXTI3_IRQHandler                         0x080002f3   Thumb Code     0  startup_stm32f10x_cl.o(.text)
    EXTI4_IRQHandler                         0x080002f3   Thumb Code     0  startup_stm32f10x_cl.o(.text)
    EXTI9_5_IRQHandler                       0x080002f3   Thumb Code     0  startup_stm32f10x_cl.o(.text)
    FLASH_IRQHandler                         0x080002f3   Thumb Code     0  startup_stm32f10x_cl.o(.text)
    I2C1_ER_IRQHandler                       0x080002f3   Thumb Code     0  startup_stm32f10x_cl.o(.text)
    I2C1_EV_IRQHandler                       0x080002f3   Thumb Code     0  startup_stm32f10x_cl.o(.text)
    I2C2_ER_IRQHandler                       0x080002f3   Thumb Code     0  startup_stm32f10x_cl.o(.text)
    I2C2_EV_IRQHandler                       0x080002f3   Thumb Code     0  startup_stm32f10x_cl.o(.text)
    OTG_FS_IRQHandler                        0x080002f3   Thumb Code     0  startup_stm32f10x_cl.o(.text)
    OTG_FS_WKUP_IRQHandler                   0x080002f3   Thumb Code     0  startup_stm32f10x_cl.o(.text)
    PVD_IRQHandler                           0x080002f3   Thumb Code     0  startup_stm32f10x_cl.o(.text)
    RCC_IRQHandler                           0x080002f3   Thumb Code     0  startup_stm32f10x_cl.o(.text)
    RTCAlarm_IRQHandler                      0x080002f3   Thumb Code     0  startup_stm32f10x_cl.o(.text)
    RTC_IRQHandler                           0x080002f3   Thumb Code     0  startup_stm32f10x_cl.o(.text)
    SPI1_IRQHandler                          0x080002f3   Thumb Code     0  startup_stm32f10x_cl.o(.text)
    SPI2_IRQHandler                          0x080002f3   Thumb Code     0  startup_stm32f10x_cl.o(.text)
    SPI3_IRQHandler                          0x080002f3   Thumb Code     0  startup_stm32f10x_cl.o(.text)
    TAMPER_IRQHandler                        0x080002f3   Thumb Code     0  startup_stm32f10x_cl.o(.text)
    TIM1_BRK_IRQHandler                      0x080002f3   Thumb Code     0  startup_stm32f10x_cl.o(.text)
    TIM1_CC_IRQHandler                       0x080002f3   Thumb Code     0  startup_stm32f10x_cl.o(.text)
    TIM1_TRG_COM_IRQHandler                  0x080002f3   Thumb Code     0  startup_stm32f10x_cl.o(.text)
    TIM1_UP_IRQHandler                       0x080002f3   Thumb Code     0  startup_stm32f10x_cl.o(.text)
    TIM2_IRQHandler                          0x080002f3   Thumb Code     0  startup_stm32f10x_cl.o(.text)
    TIM4_IRQHandler                          0x080002f3   Thumb Code     0  startup_stm32f10x_cl.o(.text)
    TIM5_IRQHandler                          0x080002f3   Thumb Code     0  startup_stm32f10x_cl.o(.text)
    TIM6_IRQHandler                          0x080002f3   Thumb Code     0  startup_stm32f10x_cl.o(.text)
    TIM7_IRQHandler                          0x080002f3   Thumb Code     0  startup_stm32f10x_cl.o(.text)
    UART4_IRQHandler                         0x080002f3   Thumb Code     0  startup_stm32f10x_cl.o(.text)
    UART5_IRQHandler                         0x080002f3   Thumb Code     0  startup_stm32f10x_cl.o(.text)
    USART1_IRQHandler                        0x080002f3   Thumb Code     0  startup_stm32f10x_cl.o(.text)
    USART3_IRQHandler                        0x080002f3   Thumb Code     0  startup_stm32f10x_cl.o(.text)
    WWDG_IRQHandler                          0x080002f3   Thumb Code     0  startup_stm32f10x_cl.o(.text)
    __user_initial_stackheap                 0x080002f5   Thumb Code     0  startup_stm32f10x_cl.o(.text)
    __c89vsnprintf                           0x08000319   Thumb Code    48  c89vsnprintf.o(.text)
    memcmp                                   0x0800034d   Thumb Code    88  memcmp.o(.text)
    strlen                                   0x080003a5   Thumb Code    62  strlen.o(.text)
    __aeabi_memcpy                           0x080003e3   Thumb Code     0  rt_memcpy_v6.o(.text)
    __rt_memcpy                              0x080003e3   Thumb Code   138  rt_memcpy_v6.o(.text)
    _memcpy_lastbytes                        0x08000449   Thumb Code     0  rt_memcpy_v6.o(.text)
    __aeabi_memclr4                          0x0800046d   Thumb Code     0  rt_memclr_w.o(.text)
    __aeabi_memclr8                          0x0800046d   Thumb Code     0  rt_memclr_w.o(.text)
    __rt_memclr_w                            0x0800046d   Thumb Code    78  rt_memclr_w.o(.text)
    _memset_w                                0x08000471   Thumb Code     0  rt_memclr_w.o(.text)
    __use_two_region_memory                  0x080004bb   Thumb Code     2  heapauxi.o(.text)
    __rt_heap_escrow$2region                 0x080004bd   Thumb Code     2  heapauxi.o(.text)
    __rt_heap_expand$2region                 0x080004bf   Thumb Code     2  heapauxi.o(.text)
    _printf_pre_padding                      0x080004c1   Thumb Code    44  _printf_pad.o(.text)
    _printf_post_padding                     0x080004ed   Thumb Code    34  _printf_pad.o(.text)
    _printf_truncate_signed                  0x0800050f   Thumb Code    18  _printf_truncate.o(.text)
    _printf_truncate_unsigned                0x08000521   Thumb Code    18  _printf_truncate.o(.text)
    _printf_str                              0x08000533   Thumb Code    82  _printf_str.o(.text)
    _printf_int_dec                          0x08000585   Thumb Code   104  _printf_dec.o(.text)
    _printf_charcount                        0x080005fd   Thumb Code    40  _printf_charcount.o(.text)
    _printf_char_common                      0x0800062f   Thumb Code    32  _printf_char_common.o(.text)
    _sputc                                   0x08000655   Thumb Code    10  _sputc.o(.text)
    _snputc                                  0x0800065f   Thumb Code    16  _snputc.o(.text)
    _printf_wctomb                           0x08000671   Thumb Code   182  _printf_wctomb.o(.text)
    _printf_longlong_dec                     0x0800072d   Thumb Code   108  _printf_longlong_dec.o(.text)
    _printf_longlong_oct                     0x080007a9   Thumb Code    68  _printf_oct_int_ll.o(.text)
    _printf_int_oct                          0x080007ed   Thumb Code    24  _printf_oct_int_ll.o(.text)
    _printf_ll_oct                           0x08000805   Thumb Code    12  _printf_oct_int_ll.o(.text)
    _printf_longlong_hex                     0x08000819   Thumb Code    86  _printf_hex_int_ll_ptr.o(.text)
    _printf_int_hex                          0x0800086f   Thumb Code    28  _printf_hex_int_ll_ptr.o(.text)
    _printf_ll_hex                           0x0800088b   Thumb Code    12  _printf_hex_int_ll_ptr.o(.text)
    _printf_hex_ptr                          0x08000897   Thumb Code    18  _printf_hex_int_ll_ptr.o(.text)
    __printf                                 0x080008ad   Thumb Code   388  __printf_flags_ss_wp.o(.text)
    __aeabi_memcpy4                          0x08000a35   Thumb Code     0  rt_memcpy_w.o(.text)
    __aeabi_memcpy8                          0x08000a35   Thumb Code     0  rt_memcpy_w.o(.text)
    __rt_memcpy_w                            0x08000a35   Thumb Code   100  rt_memcpy_w.o(.text)
    _memcpy_lastbytes_aligned                0x08000a7d   Thumb Code     0  rt_memcpy_w.o(.text)
    _ll_udiv10                               0x08000a99   Thumb Code   138  lludiv10.o(.text)
    _printf_int_common                       0x08000b23   Thumb Code   178  _printf_intcommon.o(.text)
    __lib_sel_fp_printf                      0x08000bd5   Thumb Code     2  _printf_fp_dec.o(.text)
    _printf_fp_dec_real                      0x08000d83   Thumb Code   620  _printf_fp_dec.o(.text)
    _printf_cs_common                        0x08000fef   Thumb Code    20  _printf_char.o(.text)
    _printf_char                             0x08001003   Thumb Code    16  _printf_char.o(.text)
    _printf_string                           0x08001013   Thumb Code     8  _printf_char.o(.text)
    _printf_lcs_common                       0x0800101b   Thumb Code    20  _printf_wchar.o(.text)
    _printf_wchar                            0x0800102f   Thumb Code    16  _printf_wchar.o(.text)
    _printf_wstring                          0x0800103f   Thumb Code     8  _printf_wchar.o(.text)
    _wcrtomb                                 0x08001047   Thumb Code    64  _wcrtomb.o(.text)
    __user_setup_stackheap                   0x08001087   Thumb Code    74  sys_stackheap_outer.o(.text)
    __rt_ctype_table                         0x080010d1   Thumb Code    16  rt_ctype_table.o(.text)
    __rt_locale                              0x080010e1   Thumb Code     8  rt_locale_intlibspace.o(.text)
    _printf_fp_infnan                        0x080010e9   Thumb Code   112  _printf_fp_infnan.o(.text)
    _btod_etento                             0x08001169   Thumb Code   216  bigflt0.o(.text)
    exit                                     0x08001245   Thumb Code    12  exit.o(.text)
    __user_libspace                          0x08001251   Thumb Code     8  libspace.o(.text)
    __user_perproc_libspace                  0x08001251   Thumb Code     0  libspace.o(.text)
    __user_perthread_libspace                0x08001251   Thumb Code     0  libspace.o(.text)
    strcmp                                   0x08001259   Thumb Code   128  strcmpv7m.o(.text)
    _sys_exit                                0x080012d9   Thumb Code     8  sys_exit.o(.text)
    __I$use$semihosting                      0x080012e5   Thumb Code     0  use_no_semi.o(.text)
    __use_no_semihosting_swi                 0x080012e5   Thumb Code     2  use_no_semi.o(.text)
    __semihosting_library_function           0x080012e7   Thumb Code     0  indicate_semi.o(.text)
    _btod_d2e                                0x080012e7   Thumb Code    62  btod.o(CL$$btod_d2e)
    _d2e_denorm_low                          0x08001325   Thumb Code    70  btod.o(CL$$btod_d2e_denorm_low)
    _d2e_norm_op1                            0x0800136b   Thumb Code    96  btod.o(CL$$btod_d2e_norm_op1)
    __btod_div_common                        0x080013cb   Thumb Code   696  btod.o(CL$$btod_div_common)
    _e2e                                     0x08001703   Thumb Code   198  btod.o(CL$$btod_e2e)
    _btod_ediv                               0x080017c9   Thumb Code    40  btod.o(CL$$btod_ediv)
    _btod_emul                               0x080017f1   Thumb Code    40  btod.o(CL$$btod_emul)
    __btod_mult_common                       0x08001819   Thumb Code   580  btod.o(CL$$btod_mult_common)
    BusFault_Handler                         0x08001a5d   Thumb Code     4  stm32f10x_it.o(i.BusFault_Handler)
    CheckForConnection                       0x08001a61   Thumb Code    66  tcpserver.o(i.CheckForConnection)
    CloseTcp                                 0x08001ab1   Thumb Code    54  tcpserver.o(i.CloseTcp)
    DMA1_Channel6_IRQHandler                 0x08001ae9   Thumb Code    26  uartcom2.o(i.DMA1_Channel6_IRQHandler)
    DMA1_Channel7_IRQHandler                 0x08001b09   Thumb Code    38  uartcom2.o(i.DMA1_Channel7_IRQHandler)
    DMA_ClearFlag                            0x08001b39   Thumb Code    18  stm32f10x_dma.o(i.DMA_ClearFlag)
    DMA_Cmd                                  0x08001b55   Thumb Code    24  stm32f10x_dma.o(i.DMA_Cmd)
    DMA_DeInit                               0x08001b6d   Thumb Code   324  stm32f10x_dma.o(i.DMA_DeInit)
    DMA_GetCurrDataCounter                   0x08001cb9   Thumb Code     8  stm32f10x_dma.o(i.DMA_GetCurrDataCounter)
    DMA_GetFlagStatus                        0x08001cc1   Thumb Code    36  stm32f10x_dma.o(i.DMA_GetFlagStatus)
    DMA_ITConfig                             0x08001ced   Thumb Code    18  stm32f10x_dma.o(i.DMA_ITConfig)
    DMA_Init                                 0x08001cff   Thumb Code    60  stm32f10x_dma.o(i.DMA_Init)
    DebugMon_Handler                         0x08001d3b   Thumb Code     2  stm32f10x_it.o(i.DebugMon_Handler)
    DisableAllLed                            0x08001d3d   Thumb Code    14  led.o(i.DisableAllLed)
    ETH_DMAClearITPendingBit                 0x08001d51   Thumb Code     6  stm32_eth.o(i.ETH_DMAClearITPendingBit)
    ETH_DMAITConfig                          0x08001d5d   Thumb Code    26  stm32_eth.o(i.ETH_DMAITConfig)
    ETH_DMAReceptionCmd                      0x08001d7d   Thumb Code    30  stm32_eth.o(i.ETH_DMAReceptionCmd)
    ETH_DMARxDescChainInit                   0x08001da1   Thumb Code    76  stm32_eth.o(i.ETH_DMARxDescChainInit)
    ETH_DMARxDescReceiveITConfig             0x08001df5   Thumb Code    22  stm32_eth.o(i.ETH_DMARxDescReceiveITConfig)
    ETH_DMATransmissionCmd                   0x08001e0d   Thumb Code    30  stm32_eth.o(i.ETH_DMATransmissionCmd)
    ETH_DMATxDescChainInit                   0x08001e31   Thumb Code    70  stm32_eth.o(i.ETH_DMATxDescChainInit)
    ETH_DMATxDescChecksumInsertionConfig     0x08001e81   Thumb Code     8  stm32_eth.o(i.ETH_DMATxDescChecksumInsertionConfig)
    ETH_DeInit                               0x08001e89   Thumb Code    22  stm32_eth.o(i.ETH_DeInit)
    ETH_FlushTransmitFIFO                    0x08001ebd   Thumb Code    14  stm32_eth.o(i.ETH_FlushTransmitFIFO)
    ETH_GetCurrentTxBuffer                   0x08001ed1   Thumb Code     8  ethernetif.o(i.ETH_GetCurrentTxBuffer)
    ETH_GetDMARxDescFrameLength              0x08001edd   Thumb Code    10  stm32_eth.o(i.ETH_GetDMARxDescFrameLength)
    ETH_GetRxPktSize                         0x08001ee9   Thumb Code    66  stm32_eth.o(i.ETH_GetRxPktSize)
    ETH_GetSoftwareResetStatus               0x08001f31   Thumb Code    20  stm32_eth.o(i.ETH_GetSoftwareResetStatus)
    ETH_IRQHandler                           0x08001f49   Thumb Code    32  dp83848.o(i.ETH_IRQHandler)
    ETH_Init                                 0x08001f69   Thumb Code   576  stm32_eth.o(i.ETH_Init)
    ETH_MACAddressConfig                     0x080021cd   Thumb Code    46  stm32_eth.o(i.ETH_MACAddressConfig)
    ETH_MACReceptionCmd                      0x08002201   Thumb Code    30  stm32_eth.o(i.ETH_MACReceptionCmd)
    ETH_MACTransmissionCmd                   0x08002225   Thumb Code    30  stm32_eth.o(i.ETH_MACTransmissionCmd)
    ETH_ReadPHYRegister                      0x08002249   Thumb Code    98  stm32_eth.o(i.ETH_ReadPHYRegister)
    ETH_RxPkt_ChainMode                      0x080022b5   Thumb Code   148  ethernetif.o(i.ETH_RxPkt_ChainMode)
    ETH_SoftwareReset                        0x08002351   Thumb Code    14  stm32_eth.o(i.ETH_SoftwareReset)
    ETH_Start                                0x08002365   Thumb Code    32  stm32_eth.o(i.ETH_Start)
    ETH_StructInit                           0x08002385   Thumb Code   164  stm32_eth.o(i.ETH_StructInit)
    ETH_TxPkt_ChainMode                      0x08002429   Thumb Code    94  ethernetif.o(i.ETH_TxPkt_ChainMode)
    ETH_WritePHYRegister                     0x08002491   Thumb Code    96  stm32_eth.o(i.ETH_WritePHYRegister)
    GPIO_ETH_MediaInterfaceConfig            0x080026b9   Thumb Code     6  stm32f10x_gpio.o(i.GPIO_ETH_MediaInterfaceConfig)
    GPIO_Init                                0x080026c5   Thumb Code   278  stm32f10x_gpio.o(i.GPIO_Init)
    GPIO_PinRemapConfig                      0x080027dd   Thumb Code   138  stm32f10x_gpio.o(i.GPIO_PinRemapConfig)
    GPIO_SetBits                             0x0800286d   Thumb Code     4  stm32f10x_gpio.o(i.GPIO_SetBits)
    HandleLwipPeriodicEvent                  0x08002871   Thumb Code    58  dp83848.o(i.HandleLwipPeriodicEvent)
    HardFault_Handler                        0x080028ad   Thumb Code    34  stm32f10x_it.o(i.HardFault_Handler)
    InitCom2Con                              0x080028d9   Thumb Code    20  uartcom2.o(i.InitCom2Con)
    InitEthernet                             0x08002ab5   Thumb Code    16  dp83848.o(i.InitEthernet)
    InitLedCon                               0x08002ac5   Thumb Code    44  led.o(i.InitLedCon)
    InitLwipCon                              0x08002af5   Thumb Code   214  dp83848.o(i.InitLwipCon)
    InitTcpServer                            0x08002c55   Thumb Code    54  tcpserver.o(i.InitTcpServer)
    InitTimer3Con                            0x08002c99   Thumb Code    12  timer3.o(i.InitTimer3Con)
    InitTimerCon                             0x08002d0b   Thumb Code     8  totaltimer.o(i.InitTimerCon)
    InitUartCon                              0x08002d13   Thumb Code     8  uart.o(i.InitUartCon)
    LwIP_Pkt_Handle                          0x08002d1d   Thumb Code    10  dp83848.o(i.LwIP_Pkt_Handle)
    MemManage_Handler                        0x08002d2d   Thumb Code     4  stm32f10x_it.o(i.MemManage_Handler)
    NMI_Handler                              0x08002d31   Thumb Code     2  stm32f10x_it.o(i.NMI_Handler)
    NVIC_Init                                0x08002d69   Thumb Code   100  misc.o(i.NVIC_Init)
    NVIC_PriorityGroupConfig                 0x08002dd9   Thumb Code    10  misc.o(i.NVIC_PriorityGroupConfig)
    NVIC_SetVectorTable                      0x08002ded   Thumb Code    12  misc.o(i.NVIC_SetVectorTable)
    PendSV_Handler                           0x08002e7b   Thumb Code     2  stm32f10x_it.o(i.PendSV_Handler)
    RCC_AHBPeriphClockCmd                    0x08002e7d   Thumb Code    26  stm32f10x_rcc.o(i.RCC_AHBPeriphClockCmd)
    RCC_AHBPeriphResetCmd                    0x08002e9d   Thumb Code    26  stm32f10x_rcc.o(i.RCC_AHBPeriphResetCmd)
    RCC_APB1PeriphClockCmd                   0x08002ebd   Thumb Code    26  stm32f10x_rcc.o(i.RCC_APB1PeriphClockCmd)
    RCC_APB2PeriphClockCmd                   0x08002edd   Thumb Code    26  stm32f10x_rcc.o(i.RCC_APB2PeriphClockCmd)
    RCC_GetClocksFreq                        0x08002efd   Thumb Code   374  stm32f10x_rcc.o(i.RCC_GetClocksFreq)
    RCC_GetFlagStatus                        0x0800308d   Thumb Code    56  stm32f10x_rcc.o(i.RCC_GetFlagStatus)
    RCC_MCOConfig                            0x080030c9   Thumb Code     6  stm32f10x_rcc.o(i.RCC_MCOConfig)
    RCC_PLL3Cmd                              0x080030d5   Thumb Code     6  stm32f10x_rcc.o(i.RCC_PLL3Cmd)
    RCC_PLL3Config                           0x080030e1   Thumb Code    18  stm32f10x_rcc.o(i.RCC_PLL3Config)
    ReadCom2Data                             0x080030f9   Thumb Code    82  uartcom2.o(i.ReadCom2Data)
    ReadUartData                             0x08003159   Thumb Code    26  uart.o(i.ReadUartData)
    SVC_Handler                              0x08003173   Thumb Code     2  stm32f10x_it.o(i.SVC_Handler)
    SendCom2Data                             0x08003175   Thumb Code   194  uartcom2.o(i.SendCom2Data)
    SendTcpDataToClient                      0x08003249   Thumb Code    42  tcpserver.o(i.SendTcpDataToClient)
    SendUartData                             0x0800327d   Thumb Code    34  uart.o(i.SendUartData)
    SysTick_CLKSourceConfig                  0x080033c1   Thumb Code    40  misc.o(i.SysTick_CLKSourceConfig)
    SysTick_Handler                          0x080033e9   Thumb Code     2  stm32f10x_it.o(i.SysTick_Handler)
    SystemInit                               0x080033ed   Thumb Code    92  system_stm32f10x.o(i.SystemInit)
    TIM3_IRQHandler                          0x08003459   Thumb Code   126  timer3.o(i.TIM3_IRQHandler)
    TIM_ClearITPendingBit                    0x080034dd   Thumb Code     6  stm32f10x_tim.o(i.TIM_ClearITPendingBit)
    TIM_Cmd                                  0x080034e3   Thumb Code    24  stm32f10x_tim.o(i.TIM_Cmd)
    TIM_GetITStatus                          0x080034fb   Thumb Code    34  stm32f10x_tim.o(i.TIM_GetITStatus)
    TIM_ITConfig                             0x0800351d   Thumb Code    18  stm32f10x_tim.o(i.TIM_ITConfig)
    TIM_TimeBaseInit                         0x08003531   Thumb Code   122  stm32f10x_tim.o(i.TIM_TimeBaseInit)
    USART2_IRQHandler                        0x080035d5   Thumb Code    38  uartcom2.o(i.USART2_IRQHandler)
    USART_Cmd                                0x08003605   Thumb Code    24  stm32f10x_usart.o(i.USART_Cmd)
    USART_DMACmd                             0x0800361d   Thumb Code    18  stm32f10x_usart.o(i.USART_DMACmd)
    USART_GetITStatus                        0x0800362f   Thumb Code    84  stm32f10x_usart.o(i.USART_GetITStatus)
    USART_ITConfig                           0x08003683   Thumb Code    74  stm32f10x_usart.o(i.USART_ITConfig)
    USART_Init                               0x080036cd   Thumb Code   210  stm32f10x_usart.o(i.USART_Init)
    USART_StructInit                         0x080037a5   Thumb Code    24  stm32f10x_usart.o(i.USART_StructInit)
    UsageFault_Handler                       0x080037bd   Thumb Code     4  stm32f10x_it.o(i.UsageFault_Handler)
    __ARM_fpclassify                         0x080037c1   Thumb Code    40  fpclassify.o(i.__ARM_fpclassify)
    _is_digit                                0x080037e9   Thumb Code    14  __printf_wp.o(i._is_digit)
    addArpTimeIndex                          0x080037f9   Thumb Code    12  dp83848.o(i.addArpTimeIndex)
    addCheckConnTimeIndex                    0x08003809   Thumb Code    12  dp83848.o(i.addCheckConnTimeIndex)
    addTcpTimeIndex                          0x08003819   Thumb Code    12  dp83848.o(i.addTcpTimeIndex)
    delay_init                               0x08003845   Thumb Code    12  delay.o(i.delay_init)
    etharp_output                            0x08003b45   Thumb Code   332  etharp.o(i.etharp_output)
    etharp_query                             0x08003d1d   Thumb Code   394  etharp.o(i.etharp_query)
    etharp_request                           0x08003f81   Thumb Code    36  etharp.o(i.etharp_request)
    etharp_tmr                               0x08003ff1   Thumb Code   136  etharp.o(i.etharp_tmr)
    ethernet_input                           0x08004141   Thumb Code   182  etharp.o(i.ethernet_input)
    ethernetif_init                          0x080041fd   Thumb Code    32  ethernetif.o(i.ethernetif_init)
    ethernetif_input                         0x08004225   Thumb Code    44  ethernetif.o(i.ethernetif_input)
    getArpPeriodFlag                         0x08004251   Thumb Code     6  dp83848.o(i.getArpPeriodFlag)
    getArpTimeIndex                          0x0800425d   Thumb Code     6  dp83848.o(i.getArpTimeIndex)
    getCheckConnFlag                         0x08004269   Thumb Code     6  dp83848.o(i.getCheckConnFlag)
    getCheckConnTimeIndex                    0x08004275   Thumb Code     6  dp83848.o(i.getCheckConnTimeIndex)
    getHostName                              0x08004281   Thumb Code     4  dp83848.o(i.getHostName)
    getLwipTime                              0x08004289   Thumb Code     6  dp83848.o(i.getLwipTime)
    getMacAddr                               0x08004295   Thumb Code     4  dp83848.o(i.getMacAddr)
    getServerPort                            0x0800429d   Thumb Code     6  dp83848.o(i.getServerPort)
    getTcpLocalPort                          0x080042a9   Thumb Code     6  dp83848.o(i.getTcpLocalPort)
    getTcpPeriodFlag                         0x080042b5   Thumb Code     6  dp83848.o(i.getTcpPeriodFlag)
    getTcpTimeIndex                          0x080042c1   Thumb Code     6  dp83848.o(i.getTcpTimeIndex)
    icmp_dest_unreach                        0x080042cd   Thumb Code    18  icmp.o(i.icmp_dest_unreach)
    icmp_input                               0x080042e1   Thumb Code   378  icmp.o(i.icmp_input)
    icmp_time_exceeded                       0x080044df   Thumb Code    18  icmp.o(i.icmp_time_exceeded)
    inet_chksum                              0x080044f1   Thumb Code    20  inet_chksum.o(i.inet_chksum)
    inet_chksum_pbuf                         0x08004505   Thumb Code    86  inet_chksum.o(i.inet_chksum_pbuf)
    ip4_addr_isbroadcast                     0x0800455b   Thumb Code    78  ip_addr.o(i.ip4_addr_isbroadcast)
    ip_frag                                  0x080045a9   Thumb Code   434  ip_frag.o(i.ip_frag)
    ip_input                                 0x08004785   Thumb Code   376  ip.o(i.ip_input)
    ip_output                                0x08004911   Thumb Code    66  ip.o(i.ip_output)
    ip_output_if                             0x08004955   Thumb Code   212  ip.o(i.ip_output_if)
    ip_reass                                 0x08004a2d   Thumb Code   386  ip_frag.o(i.ip_reass)
    ip_reass_tmr                             0x08004f59   Thumb Code    48  ip_frag.o(i.ip_reass_tmr)
    ip_route                                 0x08004f8d   Thumb Code    76  ip.o(i.ip_route)
    lwip_htonl                               0x08005159   Thumb Code    26  def.o(i.lwip_htonl)
    lwip_htons                               0x08005173   Thumb Code    12  def.o(i.lwip_htons)
    lwip_init                                0x0800517f   Thumb Code    28  init.o(i.lwip_init)
    lwip_ntohl                               0x0800519b   Thumb Code    12  def.o(i.lwip_ntohl)
    lwip_ntohs                               0x080051a7   Thumb Code    12  def.o(i.lwip_ntohs)
    main                                     0x08005211   Thumb Code    74  main.o(i.main)
    mem_free                                 0x0800526d   Thumb Code   106  mem.o(i.mem_free)
    mem_init                                 0x080052e5   Thumb Code    74  mem.o(i.mem_init)
    mem_malloc                               0x08005341   Thumb Code   282  mem.o(i.mem_malloc)
    mem_trim                                 0x08005469   Thumb Code   316  mem.o(i.mem_trim)
    memp_free                                0x080055b1   Thumb Code    38  memp.o(i.memp_free)
    memp_init                                0x080055dd   Thumb Code    82  memp.o(i.memp_init)
    memp_malloc                              0x08005641   Thumb Code    54  memp.o(i.memp_malloc)
    netif_add                                0x0800567d   Thumb Code   106  netif.o(i.netif_add)
    netif_init                               0x080056f1   Thumb Code     2  netif.o(i.netif_init)
    netif_set_addr                           0x080056f3   Thumb Code    40  netif.o(i.netif_set_addr)
    netif_set_default                        0x0800571d   Thumb Code     6  netif.o(i.netif_set_default)
    netif_set_gw                             0x08005729   Thumb Code    12  netif.o(i.netif_set_gw)
    netif_set_ipaddr                         0x08005735   Thumb Code   110  netif.o(i.netif_set_ipaddr)
    netif_set_netmask                        0x080057ad   Thumb Code    12  netif.o(i.netif_set_netmask)
    netif_set_up                             0x080057b9   Thumb Code    54  netif.o(i.netif_set_up)
    pbuf_alloc                               0x080057ef   Thumb Code   514  pbuf.o(i.pbuf_alloc)
    pbuf_alloced_custom                      0x080059f1   Thumb Code   112  pbuf.o(i.pbuf_alloced_custom)
    pbuf_cat                                 0x08005a61   Thumb Code    80  pbuf.o(i.pbuf_cat)
    pbuf_clen                                0x08005ab1   Thumb Code    18  pbuf.o(i.pbuf_clen)
    pbuf_copy                                0x08005ac3   Thumb Code   228  pbuf.o(i.pbuf_copy)
    pbuf_copy_partial                        0x08005ba7   Thumb Code   154  pbuf.o(i.pbuf_copy_partial)
    pbuf_free                                0x08005c41   Thumb Code   186  pbuf.o(i.pbuf_free)
    pbuf_header                              0x08005cfb   Thumb Code   140  pbuf.o(i.pbuf_header)
    pbuf_realloc                             0x08005d87   Thumb Code   176  pbuf.o(i.pbuf_realloc)
    pbuf_ref                                 0x08005e37   Thumb Code    10  pbuf.o(i.pbuf_ref)
    printf2                                  0x08005ef5   Thumb Code    50  uartcom2.o(i.printf2)
    raw_input                                0x08005f29   Thumb Code   102  raw.o(i.raw_input)
    setArpPeriodFlag                         0x08005f9d   Thumb Code     6  dp83848.o(i.setArpPeriodFlag)
    setArpTimeIndex                          0x08005fa9   Thumb Code     6  dp83848.o(i.setArpTimeIndex)
    setCheckConnFlag                         0x08005fb5   Thumb Code     6  dp83848.o(i.setCheckConnFlag)
    setCheckConnTimeIndex                    0x08005fc1   Thumb Code     6  dp83848.o(i.setCheckConnTimeIndex)
    setLwipTime                              0x08005fcd   Thumb Code     6  dp83848.o(i.setLwipTime)
    setTcpPeriodFlag                         0x08005fd9   Thumb Code     6  dp83848.o(i.setTcpPeriodFlag)
    setTcpTimeIndex                          0x08005fe5   Thumb Code     6  dp83848.o(i.setTcpTimeIndex)
    sys_now                                  0x08005ff1   Thumb Code     8  sys_arch.o(i.sys_now)
    sys_timeout                              0x08005ff9   Thumb Code   158  timers.o(i.sys_timeout)
    sys_timeouts_init                        0x0800609d   Thumb Code    36  timers.o(i.sys_timeouts_init)
    tcp_abandon                              0x080060cd   Thumb Code   146  tcp.o(i.tcp_abandon)
    tcp_abort                                0x0800616d   Thumb Code    14  tcp.o(i.tcp_abort)
    tcp_accept                               0x0800617b   Thumb Code     4  tcp.o(i.tcp_accept)
    tcp_alloc                                0x08006189   Thumb Code   184  tcp.o(i.tcp_alloc)
    tcp_arg                                  0x0800624d   Thumb Code     4  tcp.o(i.tcp_arg)
    tcp_bind                                 0x08006251   Thumb Code   146  tcp.o(i.tcp_bind)
    tcp_close                                0x080062ed   Thumb Code    28  tcp.o(i.tcp_close)
    tcp_eff_send_mss                         0x08006589   Thumb Code    46  tcp.o(i.tcp_eff_send_mss)
    tcp_enqueue_flags                        0x080065b7   Thumb Code   326  tcp_out.o(i.tcp_enqueue_flags)
    tcp_err                                  0x080066fd   Thumb Code    20  tcp.o(i.tcp_err)
    tcp_fasttmr                              0x08006711   Thumb Code   110  tcp.o(i.tcp_fasttmr)
    tcp_init                                 0x0800678d   Thumb Code     2  tcp.o(i.tcp_init)
    tcp_input                                0x08006791   Thumb Code  1196  tcp_in.o(i.tcp_input)
    tcp_keepalive                            0x08006c61   Thumb Code    68  tcp_out.o(i.tcp_keepalive)
    tcp_listen_with_backlog                  0x08006e65   Thumb Code   202  tcp.o(i.tcp_listen_with_backlog)
    tcp_new                                  0x08006f41   Thumb Code    10  tcp.o(i.tcp_new)
    tcp_next_iss                             0x08006fb5   Thumb Code    20  tcp.o(i.tcp_next_iss)
    tcp_output                               0x08006fd1   Thumb Code   464  tcp_out.o(i.tcp_output)
    tcp_pcb_purge                            0x08007435   Thumb Code    64  tcp.o(i.tcp_pcb_purge)
    tcp_pcb_remove                           0x08007475   Thumb Code   156  tcp.o(i.tcp_pcb_remove)
    tcp_poll                                 0x08007515   Thumb Code    24  tcp.o(i.tcp_poll)
    tcp_process_refused_data                 0x08007ad9   Thumb Code   140  tcp.o(i.tcp_process_refused_data)
    tcp_recv                                 0x08008229   Thumb Code    18  tcp.o(i.tcp_recv)
    tcp_recv_null                            0x0800823b   Thumb Code    46  tcp.o(i.tcp_recv_null)
    tcp_recved                               0x08008269   Thumb Code    96  tcp.o(i.tcp_recved)
    tcp_rexmit                               0x080082c9   Thumb Code    90  tcp_out.o(i.tcp_rexmit)
    tcp_rexmit_fast                          0x08008323   Thumb Code   112  tcp_out.o(i.tcp_rexmit_fast)
    tcp_rexmit_rto                           0x08008393   Thumb Code    58  tcp_out.o(i.tcp_rexmit_rto)
    tcp_rst                                  0x080083cd   Thumb Code   134  tcp_out.o(i.tcp_rst)
    tcp_seg_free                             0x08008453   Thumb Code    26  tcp.o(i.tcp_seg_free)
    tcp_segs_free                            0x0800846d   Thumb Code    24  tcp.o(i.tcp_segs_free)
    tcp_send_empty_ack                       0x08008485   Thumb Code    78  tcp_out.o(i.tcp_send_empty_ack)
    tcp_send_fin                             0x080084d3   Thumb Code    74  tcp_out.o(i.tcp_send_fin)
    tcp_sent                                 0x0800851d   Thumb Code    18  tcp.o(i.tcp_sent)
    tcp_setprio                              0x0800852f   Thumb Code     4  tcp.o(i.tcp_setprio)
    tcp_slowtmr                              0x08008535   Thumb Code   872  tcp.o(i.tcp_slowtmr)
    tcp_timer_needed                         0x080088b9   Thumb Code    38  timers.o(i.tcp_timer_needed)
    tcp_tmr                                  0x0800899d   Thumb Code    30  tcp.o(i.tcp_tmr)
    tcp_update_rcv_ann_wnd                   0x080089c1   Thumb Code    88  tcp.o(i.tcp_update_rcv_ann_wnd)
    tcp_write                                0x08008a19   Thumb Code   998  tcp_out.o(i.tcp_write)
    tcp_zero_window_probe                    0x08008e87   Thumb Code   164  tcp_out.o(i.tcp_zero_window_probe)
    udp_init                                 0x08008f65   Thumb Code     2  udp.o(i.udp_init)
    udp_input                                0x08008f69   Thumb Code   406  udp.o(i.udp_input)
    _get_lc_numeric                          0x0800910d   Thumb Code    44  lc_numeric_c.o(locale$$code)
    _get_lc_ctype                            0x08009139   Thumb Code    44  lc_ctype_c.o(locale$$code)
    _printf_fp_dec                           0x08009165   Thumb Code     4  printf1.o(x$fpl$printf1)
    __I$use$fp                               0x08009168   Number         0  usenofp.o(x$fpl$usenofp)
    ethbroadcast                             0x08009168   Data           6  etharp.o(.constdata)
    ethzero                                  0x0800916e   Data           6  etharp.o(.constdata)
    ip_addr_any                              0x08009174   Data           4  ip_addr.o(.constdata)
    ip_addr_broadcast                        0x08009178   Data           4  ip_addr.o(.constdata)
    tcp_state_str                            0x080091a4   Data          44  tcp.o(.constdata)
    tcp_backoff                              0x080091d0   Data          13  tcp.o(.constdata)
    tcp_persist_backoff                      0x080091dd   Data           7  tcp.o(.constdata)
    tcp_pcb_lists                            0x080091e4   Data          16  tcp.o(.constdata)
    Region$$Table$$Base                      0x08009344   Number         0  anon$$obj.o(Region$$Table)
    Region$$Table$$Limit                     0x08009364   Number         0  anon$$obj.o(Region$$Table)
    __ctype                                  0x0800938d   Data           0  lc_ctype_c.o(locale$$data)
    DMATxDescToSet                           0x20000014   Data           4  stm32_eth.o(.data)
    DMARxDescToGet                           0x20000018   Data           4  stm32_eth.o(.data)
    DMAPTPTxDescToSet                        0x2000001c   Data           4  stm32_eth.o(.data)
    DMAPTPRxDescToGet                        0x20000020   Data           4  stm32_eth.o(.data)
    tcp_server_pcb                           0x200000bc   Data           4  tcpserver.o(.data)
    tcp_client_pcb                           0x200000c0   Data           4  tcpserver.o(.data)
    current_netif                            0x200000c8   Data           4  ip.o(.data)
    current_header                           0x200000cc   Data           4  ip.o(.data)
    current_iphdr_src                        0x200000d0   Data           4  ip.o(.data)
    current_iphdr_dest                       0x200000d4   Data           4  ip.o(.data)
    netif_list                               0x200000f0   Data           4  netif.o(.data)
    netif_default                            0x200000f4   Data           4  netif.o(.data)
    tcp_ticks                                0x20000104   Data           4  tcp.o(.data)
    tcp_bound_pcbs                           0x20000108   Data           4  tcp.o(.data)
    tcp_listen_pcbs                          0x2000010c   Data           4  tcp.o(.data)
    tcp_active_pcbs                          0x20000110   Data           4  tcp.o(.data)
    tcp_tw_pcbs                              0x20000114   Data           4  tcp.o(.data)
    tcp_tmp_pcb                              0x20000118   Data           4  tcp.o(.data)
    tcp_active_pcbs_changed                  0x2000011c   Data           1  tcp.o(.data)
    tcp_input_pcb                            0x20000140   Data           4  tcp_in.o(.data)
    udp_pcbs                                 0x20000154   Data           4  udp.o(.data)
    DP83848_netif                            0x200001f0   Data          52  dp83848.o(.bss)
    DMARxDscrTab                             0x200002ec   Data          80  ethernetif.o(.bss)
    DMATxDscrTab                             0x2000033c   Data          80  ethernetif.o(.bss)
    Rx_Buff                                  0x2000038c   Data        7600  ethernetif.o(.bss)
    Tx_Buff                                  0x2000213c   Data        7600  ethernetif.o(.bss)
    ram_heap                                 0x20003eec   Data       32020  mem.o(.bss)
    __libspace_start                         0x2000f184   Data          96  libspace.o(.bss)
    __temporary_stack_top$libspace           0x2000f1e4   Data           0  libspace.o(.bss)



==============================================================================

Memory Map of the image

  Image Entry point : 0x08000151

  Load Region LR_IROM1 (Base: 0x08000000, Size: 0x000095e8, Max: 0x00040000, ABSOLUTE, COMPRESSED[0x000094d0])

    Execution Region ER_IROM1 (Base: 0x08000000, Size: 0x00009490, Max: 0x00040000, ABSOLUTE)

    Base Addr    Size         Type   Attr      Idx    E Section Name        Object

    0x08000000   0x00000150   Data   RO           19    RESET               startup_stm32f10x_cl.o
    0x08000150   0x00000008   Code   RO         6066  * !!!main             c_w.l(__main.o)
    0x08000158   0x00000034   Code   RO         6383    !!!scatter          c_w.l(__scatter.o)
    0x0800018c   0x0000005a   Code   RO         6381    !!dczerorl2         c_w.l(__dczerorl2.o)
    0x080001e6   0x00000002   PAD
    0x080001e8   0x0000001c   Code   RO         6385    !!handler_zi        c_w.l(__scatter_zi.o)
    0x08000204   0x00000000   Code   RO         6152    .ARM.Collect$$_printf_percent$$00000000  c_w.l(_printf_percent.o)
    0x08000204   0x00000006   Code   RO         6141    .ARM.Collect$$_printf_percent$$00000001  c_w.l(_printf_n.o)
    0x0800020a   0x00000006   Code   RO         6143    .ARM.Collect$$_printf_percent$$00000002  c_w.l(_printf_p.o)
    0x08000210   0x00000006   Code   RO         6148    .ARM.Collect$$_printf_percent$$00000003  c_w.l(_printf_f.o)
    0x08000216   0x00000006   Code   RO         6149    .ARM.Collect$$_printf_percent$$00000004  c_w.l(_printf_e.o)
    0x0800021c   0x00000006   Code   RO         6150    .ARM.Collect$$_printf_percent$$00000005  c_w.l(_printf_g.o)
    0x08000222   0x00000006   Code   RO         6151    .ARM.Collect$$_printf_percent$$00000006  c_w.l(_printf_a.o)
    0x08000228   0x0000000a   Code   RO         6156    .ARM.Collect$$_printf_percent$$00000007  c_w.l(_printf_ll.o)
    0x08000232   0x00000006   Code   RO         6145    .ARM.Collect$$_printf_percent$$00000008  c_w.l(_printf_i.o)
    0x08000238   0x00000006   Code   RO         6146    .ARM.Collect$$_printf_percent$$00000009  c_w.l(_printf_d.o)
    0x0800023e   0x00000006   Code   RO         6147    .ARM.Collect$$_printf_percent$$0000000A  c_w.l(_printf_u.o)
    0x08000244   0x00000006   Code   RO         6144    .ARM.Collect$$_printf_percent$$0000000B  c_w.l(_printf_o.o)
    0x0800024a   0x00000006   Code   RO         6142    .ARM.Collect$$_printf_percent$$0000000C  c_w.l(_printf_x.o)
    0x08000250   0x00000006   Code   RO         6153    .ARM.Collect$$_printf_percent$$0000000D  c_w.l(_printf_lli.o)
    0x08000256   0x00000006   Code   RO         6154    .ARM.Collect$$_printf_percent$$0000000E  c_w.l(_printf_lld.o)
    0x0800025c   0x00000006   Code   RO         6155    .ARM.Collect$$_printf_percent$$0000000F  c_w.l(_printf_llu.o)
    0x08000262   0x00000006   Code   RO         6160    .ARM.Collect$$_printf_percent$$00000010  c_w.l(_printf_llo.o)
    0x08000268   0x00000006   Code   RO         6161    .ARM.Collect$$_printf_percent$$00000011  c_w.l(_printf_llx.o)
    0x0800026e   0x0000000a   Code   RO         6157    .ARM.Collect$$_printf_percent$$00000012  c_w.l(_printf_l.o)
    0x08000278   0x00000006   Code   RO         6139    .ARM.Collect$$_printf_percent$$00000013  c_w.l(_printf_c.o)
    0x0800027e   0x00000006   Code   RO         6140    .ARM.Collect$$_printf_percent$$00000014  c_w.l(_printf_s.o)
    0x08000284   0x00000006   Code   RO         6158    .ARM.Collect$$_printf_percent$$00000015  c_w.l(_printf_lc.o)
    0x0800028a   0x00000006   Code   RO         6159    .ARM.Collect$$_printf_percent$$00000016  c_w.l(_printf_ls.o)
    0x08000290   0x00000004   Code   RO         6193    .ARM.Collect$$_printf_percent$$00000017  c_w.l(_printf_percent_end.o)
    0x08000294   0x00000002   Code   RO         6242    .ARM.Collect$$libinit$$00000000  c_w.l(libinit.o)
    0x08000296   0x00000000   Code   RO         6259    .ARM.Collect$$libinit$$00000002  c_w.l(libinit2.o)
    0x08000296   0x00000000   Code   RO         6261    .ARM.Collect$$libinit$$00000004  c_w.l(libinit2.o)
    0x08000296   0x00000000   Code   RO         6264    .ARM.Collect$$libinit$$0000000A  c_w.l(libinit2.o)
    0x08000296   0x00000000   Code   RO         6266    .ARM.Collect$$libinit$$0000000C  c_w.l(libinit2.o)
    0x08000296   0x00000000   Code   RO         6268    .ARM.Collect$$libinit$$0000000E  c_w.l(libinit2.o)
    0x08000296   0x00000006   Code   RO         6269    .ARM.Collect$$libinit$$0000000F  c_w.l(libinit2.o)
    0x0800029c   0x00000000   Code   RO         6271    .ARM.Collect$$libinit$$00000011  c_w.l(libinit2.o)
    0x0800029c   0x0000000c   Code   RO         6272    .ARM.Collect$$libinit$$00000012  c_w.l(libinit2.o)
    0x080002a8   0x00000000   Code   RO         6273    .ARM.Collect$$libinit$$00000013  c_w.l(libinit2.o)
    0x080002a8   0x00000000   Code   RO         6275    .ARM.Collect$$libinit$$00000015  c_w.l(libinit2.o)
    0x080002a8   0x0000000a   Code   RO         6276    .ARM.Collect$$libinit$$00000016  c_w.l(libinit2.o)
    0x080002b2   0x00000000   Code   RO         6277    .ARM.Collect$$libinit$$00000017  c_w.l(libinit2.o)
    0x080002b2   0x00000000   Code   RO         6279    .ARM.Collect$$libinit$$00000019  c_w.l(libinit2.o)
    0x080002b2   0x00000000   Code   RO         6281    .ARM.Collect$$libinit$$0000001B  c_w.l(libinit2.o)
    0x080002b2   0x00000000   Code   RO         6283    .ARM.Collect$$libinit$$0000001D  c_w.l(libinit2.o)
    0x080002b2   0x00000000   Code   RO         6285    .ARM.Collect$$libinit$$0000001F  c_w.l(libinit2.o)
    0x080002b2   0x00000000   Code   RO         6287    .ARM.Collect$$libinit$$00000021  c_w.l(libinit2.o)
    0x080002b2   0x00000000   Code   RO         6289    .ARM.Collect$$libinit$$00000023  c_w.l(libinit2.o)
    0x080002b2   0x00000000   Code   RO         6291    .ARM.Collect$$libinit$$00000025  c_w.l(libinit2.o)
    0x080002b2   0x00000000   Code   RO         6295    .ARM.Collect$$libinit$$0000002C  c_w.l(libinit2.o)
    0x080002b2   0x00000000   Code   RO         6297    .ARM.Collect$$libinit$$0000002E  c_w.l(libinit2.o)
    0x080002b2   0x00000000   Code   RO         6299    .ARM.Collect$$libinit$$00000030  c_w.l(libinit2.o)
    0x080002b2   0x00000000   Code   RO         6301    .ARM.Collect$$libinit$$00000032  c_w.l(libinit2.o)
    0x080002b2   0x00000002   Code   RO         6302    .ARM.Collect$$libinit$$00000033  c_w.l(libinit2.o)
    0x080002b4   0x00000002   Code   RO         6322    .ARM.Collect$$libshutdown$$00000000  c_w.l(libshutdown.o)
    0x080002b6   0x00000000   Code   RO         6336    .ARM.Collect$$libshutdown$$00000003  c_w.l(libshutdown2.o)
    0x080002b6   0x00000000   Code   RO         6339    .ARM.Collect$$libshutdown$$00000006  c_w.l(libshutdown2.o)
    0x080002b6   0x00000000   Code   RO         6342    .ARM.Collect$$libshutdown$$00000009  c_w.l(libshutdown2.o)
    0x080002b6   0x00000000   Code   RO         6344    .ARM.Collect$$libshutdown$$0000000B  c_w.l(libshutdown2.o)
    0x080002b6   0x00000000   Code   RO         6347    .ARM.Collect$$libshutdown$$0000000E  c_w.l(libshutdown2.o)
    0x080002b6   0x00000002   Code   RO         6348    .ARM.Collect$$libshutdown$$0000000F  c_w.l(libshutdown2.o)
    0x080002b8   0x00000000   Code   RO         6068    .ARM.Collect$$rtentry$$00000000  c_w.l(__rtentry.o)
    0x080002b8   0x00000000   Code   RO         6167    .ARM.Collect$$rtentry$$00000002  c_w.l(__rtentry2.o)
    0x080002b8   0x00000006   Code   RO         6179    .ARM.Collect$$rtentry$$00000004  c_w.l(__rtentry4.o)
    0x080002be   0x00000000   Code   RO         6169    .ARM.Collect$$rtentry$$00000009  c_w.l(__rtentry2.o)
    0x080002be   0x00000004   Code   RO         6170    .ARM.Collect$$rtentry$$0000000A  c_w.l(__rtentry2.o)
    0x080002c2   0x00000000   Code   RO         6172    .ARM.Collect$$rtentry$$0000000C  c_w.l(__rtentry2.o)
    0x080002c2   0x00000008   Code   RO         6173    .ARM.Collect$$rtentry$$0000000D  c_w.l(__rtentry2.o)
    0x080002ca   0x00000002   Code   RO         6251    .ARM.Collect$$rtexit$$00000000  c_w.l(rtexit.o)
    0x080002cc   0x00000000   Code   RO         6304    .ARM.Collect$$rtexit$$00000002  c_w.l(rtexit2.o)
    0x080002cc   0x00000004   Code   RO         6305    .ARM.Collect$$rtexit$$00000003  c_w.l(rtexit2.o)
    0x080002d0   0x00000006   Code   RO         6306    .ARM.Collect$$rtexit$$00000004  c_w.l(rtexit2.o)
    0x080002d6   0x00000002   PAD
    0x080002d8   0x00000040   Code   RO           20    .text               startup_stm32f10x_cl.o
    0x08000318   0x00000034   Code   RO         6050    .text               c_w.l(c89vsnprintf.o)
    0x0800034c   0x00000058   Code   RO         6052    .text               c_w.l(memcmp.o)
    0x080003a4   0x0000003e   Code   RO         6056    .text               c_w.l(strlen.o)
    0x080003e2   0x0000008a   Code   RO         6058    .text               c_w.l(rt_memcpy_v6.o)
    0x0800046c   0x0000004e   Code   RO         6062    .text               c_w.l(rt_memclr_w.o)
    0x080004ba   0x00000006   Code   RO         6064    .text               c_w.l(heapauxi.o)
    0x080004c0   0x0000004e   Code   RO         6071    .text               c_w.l(_printf_pad.o)
    0x0800050e   0x00000024   Code   RO         6073    .text               c_w.l(_printf_truncate.o)
    0x08000532   0x00000052   Code   RO         6075    .text               c_w.l(_printf_str.o)
    0x08000584   0x00000078   Code   RO         6077    .text               c_w.l(_printf_dec.o)
    0x080005fc   0x00000028   Code   RO         6079    .text               c_w.l(_printf_charcount.o)
    0x08000624   0x00000030   Code   RO         6081    .text               c_w.l(_printf_char_common.o)
    0x08000654   0x0000000a   Code   RO         6083    .text               c_w.l(_sputc.o)
    0x0800065e   0x00000010   Code   RO         6085    .text               c_w.l(_snputc.o)
    0x0800066e   0x00000002   PAD
    0x08000670   0x000000bc   Code   RO         6087    .text               c_w.l(_printf_wctomb.o)
    0x0800072c   0x0000007c   Code   RO         6090    .text               c_w.l(_printf_longlong_dec.o)
    0x080007a8   0x00000070   Code   RO         6096    .text               c_w.l(_printf_oct_int_ll.o)
    0x08000818   0x00000094   Code   RO         6116    .text               c_w.l(_printf_hex_int_ll_ptr.o)
    0x080008ac   0x00000188   Code   RO         6136    .text               c_w.l(__printf_flags_ss_wp.o)
    0x08000a34   0x00000064   Code   RO         6162    .text               c_w.l(rt_memcpy_w.o)
    0x08000a98   0x0000008a   Code   RO         6181    .text               c_w.l(lludiv10.o)
    0x08000b22   0x000000b2   Code   RO         6183    .text               c_w.l(_printf_intcommon.o)
    0x08000bd4   0x0000041a   Code   RO         6185    .text               c_w.l(_printf_fp_dec.o)
    0x08000fee   0x0000002c   Code   RO         6189    .text               c_w.l(_printf_char.o)
    0x0800101a   0x0000002c   Code   RO         6191    .text               c_w.l(_printf_wchar.o)
    0x08001046   0x00000040   Code   RO         6194    .text               c_w.l(_wcrtomb.o)
    0x08001086   0x0000004a   Code   RO         6196    .text               c_w.l(sys_stackheap_outer.o)
    0x080010d0   0x00000010   Code   RO         6198    .text               c_w.l(rt_ctype_table.o)
    0x080010e0   0x00000008   Code   RO         6203    .text               c_w.l(rt_locale_intlibspace.o)
    0x080010e8   0x00000080   Code   RO         6205    .text               c_w.l(_printf_fp_infnan.o)
    0x08001168   0x000000dc   Code   RO         6207    .text               c_w.l(bigflt0.o)
    0x08001244   0x0000000c   Code   RO         6235    .text               c_w.l(exit.o)
    0x08001250   0x00000008   Code   RO         6248    .text               c_w.l(libspace.o)
    0x08001258   0x00000080   Code   RO         6256    .text               c_w.l(strcmpv7m.o)
    0x080012d8   0x0000000c   Code   RO         6314    .text               c_w.l(sys_exit.o)
    0x080012e4   0x00000002   Code   RO         6325    .text               c_w.l(use_no_semi.o)
    0x080012e6   0x00000000   Code   RO         6327    .text               c_w.l(indicate_semi.o)
    0x080012e6   0x0000003e   Code   RO         6210    CL$$btod_d2e        c_w.l(btod.o)
    0x08001324   0x00000046   Code   RO         6212    CL$$btod_d2e_denorm_low  c_w.l(btod.o)
    0x0800136a   0x00000060   Code   RO         6211    CL$$btod_d2e_norm_op1  c_w.l(btod.o)
    0x080013ca   0x00000338   Code   RO         6220    CL$$btod_div_common  c_w.l(btod.o)
    0x08001702   0x000000c6   Code   RO         6217    CL$$btod_e2e        c_w.l(btod.o)
    0x080017c8   0x00000028   Code   RO         6214    CL$$btod_ediv       c_w.l(btod.o)
    0x080017f0   0x00000028   Code   RO         6213    CL$$btod_emul       c_w.l(btod.o)
    0x08001818   0x00000244   Code   RO         6219    CL$$btod_mult_common  c_w.l(btod.o)
    0x08001a5c   0x00000004   Code   RO         3739    i.BusFault_Handler  stm32f10x_it.o
    0x08001a60   0x00000050   Code   RO         4524    i.CheckForConnection  tcpserver.o
    0x08001ab0   0x00000036   Code   RO         4525    i.CloseTcp          tcpserver.o
    0x08001ae6   0x00000002   PAD
    0x08001ae8   0x00000020   Code   RO         4102    i.DMA1_Channel6_IRQHandler  uartcom2.o
    0x08001b08   0x00000030   Code   RO         4103    i.DMA1_Channel7_IRQHandler  uartcom2.o
    0x08001b38   0x0000001c   Code   RO          832    i.DMA_ClearFlag     stm32f10x_dma.o
    0x08001b54   0x00000018   Code   RO          834    i.DMA_Cmd           stm32f10x_dma.o
    0x08001b6c   0x0000014c   Code   RO          835    i.DMA_DeInit        stm32f10x_dma.o
    0x08001cb8   0x00000008   Code   RO          836    i.DMA_GetCurrDataCounter  stm32f10x_dma.o
    0x08001cc0   0x0000002c   Code   RO          837    i.DMA_GetFlagStatus  stm32f10x_dma.o
    0x08001cec   0x00000012   Code   RO          839    i.DMA_ITConfig      stm32f10x_dma.o
    0x08001cfe   0x0000003c   Code   RO          840    i.DMA_Init          stm32f10x_dma.o
    0x08001d3a   0x00000002   Code   RO         3740    i.DebugMon_Handler  stm32f10x_it.o
    0x08001d3c   0x00000014   Code   RO         3984    i.DisableAllLed     led.o
    0x08001d50   0x0000000c   Code   RO         3130    i.ETH_DMAClearITPendingBit  stm32_eth.o
    0x08001d5c   0x00000020   Code   RO         3131    i.ETH_DMAITConfig   stm32_eth.o
    0x08001d7c   0x00000024   Code   RO         3134    i.ETH_DMAReceptionCmd  stm32_eth.o
    0x08001da0   0x00000054   Code   RO         3135    i.ETH_DMARxDescChainInit  stm32_eth.o
    0x08001df4   0x00000016   Code   RO         3137    i.ETH_DMARxDescReceiveITConfig  stm32_eth.o
    0x08001e0a   0x00000002   PAD
    0x08001e0c   0x00000024   Code   RO         3140    i.ETH_DMATransmissionCmd  stm32_eth.o
    0x08001e30   0x00000050   Code   RO         3143    i.ETH_DMATxDescChainInit  stm32_eth.o
    0x08001e80   0x00000008   Code   RO         3144    i.ETH_DMATxDescChecksumInsertionConfig  stm32_eth.o
    0x08001e88   0x00000016   Code   RO         3152    i.ETH_DeInit        stm32_eth.o
    0x08001e9e   0x0000001c   Code   RO         3153    i.ETH_Delay         stm32_eth.o
    0x08001eba   0x00000002   PAD
    0x08001ebc   0x00000014   Code   RO         3158    i.ETH_FlushTransmitFIFO  stm32_eth.o
    0x08001ed0   0x0000000c   Code   RO         4681    i.ETH_GetCurrentTxBuffer  ethernetif.o
    0x08001edc   0x0000000a   Code   RO         3169    i.ETH_GetDMARxDescFrameLength  stm32_eth.o
    0x08001ee6   0x00000002   PAD
    0x08001ee8   0x00000048   Code   RO         3184    i.ETH_GetRxPktSize  stm32_eth.o
    0x08001f30   0x00000018   Code   RO         3185    i.ETH_GetSoftwareResetStatus  stm32_eth.o
    0x08001f48   0x00000020   Code   RO         4180    i.ETH_IRQHandler    dp83848.o
    0x08001f68   0x00000264   Code   RO         3192    i.ETH_Init          stm32_eth.o
    0x080021cc   0x00000034   Code   RO         3195    i.ETH_MACAddressConfig  stm32_eth.o
    0x08002200   0x00000024   Code   RO         3200    i.ETH_MACReceptionCmd  stm32_eth.o
    0x08002224   0x00000024   Code   RO         3201    i.ETH_MACTransmissionCmd  stm32_eth.o
    0x08002248   0x0000006c   Code   RO         3212    i.ETH_ReadPHYRegister  stm32_eth.o
    0x080022b4   0x0000009c   Code   RO         4682    i.ETH_RxPkt_ChainMode  ethernetif.o
    0x08002350   0x00000014   Code   RO         3223    i.ETH_SoftwareReset  stm32_eth.o
    0x08002364   0x00000020   Code   RO         3224    i.ETH_Start         stm32_eth.o
    0x08002384   0x000000a4   Code   RO         3225    i.ETH_StructInit    stm32_eth.o
    0x08002428   0x00000068   Code   RO         4683    i.ETH_TxPkt_ChainMode  ethernetif.o
    0x08002490   0x00000068   Code   RO         3227    i.ETH_WritePHYRegister  stm32_eth.o
    0x080024f8   0x000000b4   Code   RO         4181    i.Ethernet_Configuration  dp83848.o
    0x080025ac   0x0000010c   Code   RO         4182    i.GPIO_Configuration  dp83848.o
    0x080026b8   0x0000000c   Code   RO         1254    i.GPIO_ETH_MediaInterfaceConfig  stm32f10x_gpio.o
    0x080026c4   0x00000116   Code   RO         1258    i.GPIO_Init         stm32f10x_gpio.o
    0x080027da   0x00000002   PAD
    0x080027dc   0x00000090   Code   RO         1260    i.GPIO_PinRemapConfig  stm32f10x_gpio.o
    0x0800286c   0x00000004   Code   RO         1266    i.GPIO_SetBits      stm32f10x_gpio.o
    0x08002870   0x0000003a   Code   RO         4183    i.HandleLwipPeriodicEvent  dp83848.o
    0x080028aa   0x00000002   PAD
    0x080028ac   0x0000002c   Code   RO         3741    i.HardFault_Handler  stm32f10x_it.o
    0x080028d8   0x00000014   Code   RO         4104    i.InitCom2Con       uartcom2.o
    0x080028ec   0x000000b8   Code   RO         4105    i.InitCom2Dma       uartcom2.o
    0x080029a4   0x00000058   Code   RO         4106    i.InitCom2Nvic      uartcom2.o
    0x080029fc   0x00000060   Code   RO         4107    i.InitCom2Para      uartcom2.o
    0x08002a5c   0x00000058   Code   RO         4108    i.InitCom2Pin       uartcom2.o
    0x08002ab4   0x00000010   Code   RO         4184    i.InitEthernet      dp83848.o
    0x08002ac4   0x00000030   Code   RO         3988    i.InitLedCon        led.o
    0x08002af4   0x00000160   Code   RO         4185    i.InitLwipCon       dp83848.o
    0x08002c54   0x00000044   Code   RO         4526    i.InitTcpServer     tcpserver.o
    0x08002c98   0x0000000c   Code   RO         4492    i.InitTimer3Con     timer3.o
    0x08002ca4   0x00000044   Code   RO         4493    i.InitTimer3Mode    timer3.o
    0x08002ce8   0x00000022   Code   RO         4494    i.InitTimer3Nvic    timer3.o
    0x08002d0a   0x00000008   Code   RO         4474    i.InitTimerCon      totaltimer.o
    0x08002d12   0x00000008   Code   RO         4050    i.InitUartCon       uart.o
    0x08002d1a   0x00000002   PAD
    0x08002d1c   0x00000010   Code   RO         4186    i.LwIP_Pkt_Handle   dp83848.o
    0x08002d2c   0x00000004   Code   RO         3742    i.MemManage_Handler  stm32f10x_it.o
    0x08002d30   0x00000002   Code   RO         3743    i.NMI_Handler       stm32f10x_it.o
    0x08002d32   0x00000034   Code   RO         4187    i.NVIC_Configuration  dp83848.o
    0x08002d66   0x00000002   PAD
    0x08002d68   0x00000070   Code   RO           24    i.NVIC_Init         misc.o
    0x08002dd8   0x00000014   Code   RO           25    i.NVIC_PriorityGroupConfig  misc.o
    0x08002dec   0x00000014   Code   RO           26    i.NVIC_SetVectorTable  misc.o
    0x08002e00   0x0000001a   Code   RO         4527    i.OnTcpReceiveData  tcpserver.o
    0x08002e1a   0x00000002   PAD
    0x08002e1c   0x00000034   Code   RO         4528    i.OnTcpServerAccept  tcpserver.o
    0x08002e50   0x0000002a   Code   RO         4529    i.OnTcpServerRecv   tcpserver.o
    0x08002e7a   0x00000002   Code   RO         3744    i.PendSV_Handler    stm32f10x_it.o
    0x08002e7c   0x00000020   Code   RO         1673    i.RCC_AHBPeriphClockCmd  stm32f10x_rcc.o
    0x08002e9c   0x00000020   Code   RO         1674    i.RCC_AHBPeriphResetCmd  stm32f10x_rcc.o
    0x08002ebc   0x00000020   Code   RO         1675    i.RCC_APB1PeriphClockCmd  stm32f10x_rcc.o
    0x08002edc   0x00000020   Code   RO         1677    i.RCC_APB2PeriphClockCmd  stm32f10x_rcc.o
    0x08002efc   0x00000190   Code   RO         1685    i.RCC_GetClocksFreq  stm32f10x_rcc.o
    0x0800308c   0x0000003c   Code   RO         1686    i.RCC_GetFlagStatus  stm32f10x_rcc.o
    0x080030c8   0x0000000c   Code   RO         1697    i.RCC_MCOConfig     stm32f10x_rcc.o
    0x080030d4   0x0000000c   Code   RO         1703    i.RCC_PLL3Cmd       stm32f10x_rcc.o
    0x080030e0   0x00000018   Code   RO         1704    i.RCC_PLL3Config    stm32f10x_rcc.o
    0x080030f8   0x00000060   Code   RO         4109    i.ReadCom2Data      uartcom2.o
    0x08003158   0x0000001a   Code   RO         4051    i.ReadUartData      uart.o
    0x08003172   0x00000002   Code   RO         3745    i.SVC_Handler       stm32f10x_it.o
    0x08003174   0x000000d4   Code   RO         4110    i.SendCom2Data      uartcom2.o
    0x08003248   0x00000034   Code   RO         4530    i.SendTcpDataToClient  tcpserver.o
    0x0800327c   0x00000022   Code   RO         4052    i.SendUartData      uart.o
    0x0800329e   0x00000008   Code   RO         3828    i.SetSysClock       system_stm32f10x.o
    0x080032a6   0x00000002   PAD
    0x080032a8   0x00000118   Code   RO         3829    i.SetSysClockTo72   system_stm32f10x.o
    0x080033c0   0x00000028   Code   RO           28    i.SysTick_CLKSourceConfig  misc.o
    0x080033e8   0x00000002   Code   RO         3746    i.SysTick_Handler   stm32f10x_it.o
    0x080033ea   0x00000002   PAD
    0x080033ec   0x0000006c   Code   RO         3831    i.SystemInit        system_stm32f10x.o
    0x08003458   0x00000084   Code   RO         4495    i.TIM3_IRQHandler   timer3.o
    0x080034dc   0x00000006   Code   RO         2357    i.TIM_ClearITPendingBit  stm32f10x_tim.o
    0x080034e2   0x00000018   Code   RO         2362    i.TIM_Cmd           stm32f10x_tim.o
    0x080034fa   0x00000022   Code   RO         2383    i.TIM_GetITStatus   stm32f10x_tim.o
    0x0800351c   0x00000012   Code   RO         2387    i.TIM_ITConfig      stm32f10x_tim.o
    0x0800352e   0x00000002   PAD
    0x08003530   0x000000a4   Code   RO         2433    i.TIM_TimeBaseInit  stm32f10x_tim.o
    0x080035d4   0x00000030   Code   RO         4111    i.USART2_IRQHandler  uartcom2.o
    0x08003604   0x00000018   Code   RO         2898    i.USART_Cmd         stm32f10x_usart.o
    0x0800361c   0x00000012   Code   RO         2899    i.USART_DMACmd      stm32f10x_usart.o
    0x0800362e   0x00000054   Code   RO         2902    i.USART_GetITStatus  stm32f10x_usart.o
    0x08003682   0x0000004a   Code   RO         2904    i.USART_ITConfig    stm32f10x_usart.o
    0x080036cc   0x000000d8   Code   RO         2905    i.USART_Init        stm32f10x_usart.o
    0x080037a4   0x00000018   Code   RO         2921    i.USART_StructInit  stm32f10x_usart.o
    0x080037bc   0x00000004   Code   RO         3747    i.UsageFault_Handler  stm32f10x_it.o
    0x080037c0   0x00000028   Code   RO         6246    i.__ARM_fpclassify  m_ws.l(fpclassify.o)
    0x080037e8   0x0000000e   Code   RO         6129    i._is_digit         c_w.l(__printf_wp.o)
    0x080037f6   0x00000002   PAD
    0x080037f8   0x00000010   Code   RO         4188    i.addArpTimeIndex   dp83848.o
    0x08003808   0x00000010   Code   RO         4189    i.addCheckConnTimeIndex  dp83848.o
    0x08003818   0x00000010   Code   RO         4190    i.addTcpTimeIndex   dp83848.o
    0x08003828   0x0000001c   Code   RO         5885    i.arp_timer         timers.o
    0x08003844   0x0000000c   Code   RO         4023    i.delay_init        delay.o
    0x08003850   0x00000114   Code   RO         4575    i.etharp_arp_input  etharp.o
    0x08003964   0x000001a0   Code   RO         4578    i.etharp_find_entry  etharp.o
    0x08003b04   0x00000040   Code   RO         4579    i.etharp_free_entry  etharp.o
    0x08003b44   0x00000158   Code   RO         4580    i.etharp_output     etharp.o
    0x08003c9c   0x00000080   Code   RO         4581    i.etharp_output_to_arp_index  etharp.o
    0x08003d1c   0x00000194   Code   RO         4582    i.etharp_query      etharp.o
    0x08003eb0   0x000000ce   Code   RO         4583    i.etharp_raw        etharp.o
    0x08003f7e   0x00000002   PAD
    0x08003f80   0x0000002c   Code   RO         4584    i.etharp_request    etharp.o
    0x08003fac   0x00000044   Code   RO         4585    i.etharp_send_ip    etharp.o
    0x08003ff0   0x0000008c   Code   RO         4586    i.etharp_tmr        etharp.o
    0x0800407c   0x000000c4   Code   RO         4587    i.etharp_update_arp_entry  etharp.o
    0x08004140   0x000000bc   Code   RO         4588    i.ethernet_input    etharp.o
    0x080041fc   0x00000028   Code   RO         4684    i.ethernetif_init   ethernetif.o
    0x08004224   0x0000002c   Code   RO         4685    i.ethernetif_input  ethernetif.o
    0x08004250   0x0000000c   Code   RO         4191    i.getArpPeriodFlag  dp83848.o
    0x0800425c   0x0000000c   Code   RO         4192    i.getArpTimeIndex   dp83848.o
    0x08004268   0x0000000c   Code   RO         4193    i.getCheckConnFlag  dp83848.o
    0x08004274   0x0000000c   Code   RO         4194    i.getCheckConnTimeIndex  dp83848.o
    0x08004280   0x00000008   Code   RO         4196    i.getHostName       dp83848.o
    0x08004288   0x0000000c   Code   RO         4198    i.getLwipTime       dp83848.o
    0x08004294   0x00000008   Code   RO         4199    i.getMacAddr        dp83848.o
    0x0800429c   0x0000000c   Code   RO         4201    i.getServerPort     dp83848.o
    0x080042a8   0x0000000c   Code   RO         4203    i.getTcpLocalPort   dp83848.o
    0x080042b4   0x0000000c   Code   RO         4204    i.getTcpPeriodFlag  dp83848.o
    0x080042c0   0x0000000c   Code   RO         4205    i.getTcpTimeIndex   dp83848.o
    0x080042cc   0x00000012   Code   RO         4803    i.icmp_dest_unreach  icmp.o
    0x080042de   0x00000002   PAD
    0x080042e0   0x00000184   Code   RO         4804    i.icmp_input        icmp.o
    0x08004464   0x0000007a   Code   RO         4805    i.icmp_send_response  icmp.o
    0x080044de   0x00000012   Code   RO         4806    i.icmp_time_exceeded  icmp.o
    0x080044f0   0x00000014   Code   RO         4854    i.inet_chksum       inet_chksum.o
    0x08004504   0x00000056   Code   RO         4855    i.inet_chksum_pbuf  inet_chksum.o
    0x0800455a   0x0000004e   Code   RO         4954    i.ip4_addr_isbroadcast  ip_addr.o
    0x080045a8   0x000001b8   Code   RO         5007    i.ip_frag           ip_frag.o
    0x08004760   0x0000000a   Code   RO         5008    i.ip_frag_alloc_pbuf_custom_ref  ip_frag.o
    0x0800476a   0x00000018   Code   RO         5009    i.ip_frag_free_pbuf_custom_ref  ip_frag.o
    0x08004782   0x00000002   PAD
    0x08004784   0x0000018c   Code   RO         4892    i.ip_input          ip.o
    0x08004910   0x00000042   Code   RO         4893    i.ip_output         ip.o
    0x08004952   0x00000002   PAD
    0x08004954   0x000000d8   Code   RO         4894    i.ip_output_if      ip.o
    0x08004a2c   0x0000018c   Code   RO         5010    i.ip_reass          ip_frag.o
    0x08004bb8   0x000001a8   Code   RO         5011    i.ip_reass_chain_frag_into_datagram_and_validate  ip_frag.o
    0x08004d60   0x00000034   Code   RO         5012    i.ip_reass_dequeue_datagram  ip_frag.o
    0x08004d94   0x00000054   Code   RO         5013    i.ip_reass_enqueue_new_datagram  ip_frag.o
    0x08004de8   0x000000d8   Code   RO         5014    i.ip_reass_free_complete_datagram  ip_frag.o
    0x08004ec0   0x0000007c   Code   RO         5015    i.ip_reass_remove_oldest_datagram  ip_frag.o
    0x08004f3c   0x0000001c   Code   RO         5886    i.ip_reass_timer    timers.o
    0x08004f58   0x00000034   Code   RO         5016    i.ip_reass_tmr      ip_frag.o
    0x08004f8c   0x00000054   Code   RO         4895    i.ip_route          ip.o
    0x08004fe0   0x0000002e   Code   RO         5017    i.ipfrag_free_pbuf_custom  ip_frag.o
    0x0800500e   0x00000002   PAD
    0x08005010   0x000000a0   Code   RO         4686    i.low_level_init    ethernetif.o
    0x080050b0   0x00000074   Code   RO         4687    i.low_level_input   ethernetif.o
    0x08005124   0x00000034   Code   RO         4688    i.low_level_output  ethernetif.o
    0x08005158   0x0000001a   Code   RO         5076    i.lwip_htonl        def.o
    0x08005172   0x0000000c   Code   RO         5077    i.lwip_htons        def.o
    0x0800517e   0x0000001c   Code   RO         5118    i.lwip_init         init.o
    0x0800519a   0x0000000c   Code   RO         5078    i.lwip_ntohl        def.o
    0x080051a6   0x0000000c   Code   RO         5079    i.lwip_ntohs        def.o
    0x080051b2   0x0000005e   Code   RO         4858    i.lwip_standard_chksum  inet_chksum.o
    0x08005210   0x0000005c   Code   RO         3866    i.main              main.o
    0x0800526c   0x00000078   Code   RO         5155    i.mem_free          mem.o
    0x080052e4   0x0000005c   Code   RO         5156    i.mem_init          mem.o
    0x08005340   0x00000128   Code   RO         5157    i.mem_malloc        mem.o
    0x08005468   0x00000148   Code   RO         5158    i.mem_trim          mem.o
    0x080055b0   0x0000002c   Code   RO         5199    i.memp_free         memp.o
    0x080055dc   0x00000064   Code   RO         5200    i.memp_init         memp.o
    0x08005640   0x0000003c   Code   RO         5201    i.memp_malloc       memp.o
    0x0800567c   0x00000074   Code   RO         5235    i.netif_add         netif.o
    0x080056f0   0x00000002   Code   RO         5237    i.netif_init        netif.o
    0x080056f2   0x00000028   Code   RO         5239    i.netif_set_addr    netif.o
    0x0800571a   0x00000002   PAD
    0x0800571c   0x0000000c   Code   RO         5240    i.netif_set_default  netif.o
    0x08005728   0x0000000c   Code   RO         5242    i.netif_set_gw      netif.o
    0x08005734   0x00000078   Code   RO         5243    i.netif_set_ipaddr  netif.o
    0x080057ac   0x0000000c   Code   RO         5246    i.netif_set_netmask  netif.o
    0x080057b8   0x00000036   Code   RO         5247    i.netif_set_up      netif.o
    0x080057ee   0x00000202   Code   RO         5329    i.pbuf_alloc        pbuf.o
    0x080059f0   0x00000070   Code   RO         5330    i.pbuf_alloced_custom  pbuf.o
    0x08005a60   0x00000050   Code   RO         5331    i.pbuf_cat          pbuf.o
    0x08005ab0   0x00000012   Code   RO         5333    i.pbuf_clen         pbuf.o
    0x08005ac2   0x000000e4   Code   RO         5335    i.pbuf_copy         pbuf.o
    0x08005ba6   0x0000009a   Code   RO         5336    i.pbuf_copy_partial  pbuf.o
    0x08005c40   0x000000ba   Code   RO         5338    i.pbuf_free         pbuf.o
    0x08005cfa   0x0000008c   Code   RO         5340    i.pbuf_header       pbuf.o
    0x08005d86   0x000000b0   Code   RO         5343    i.pbuf_realloc      pbuf.o
    0x08005e36   0x0000000a   Code   RO         5344    i.pbuf_ref          pbuf.o
    0x08005e40   0x000000b4   Code   RO         5159    i.plug_holes        mem.o
    0x08005ef4   0x00000032   Code   RO         4112    i.printf2           uartcom2.o
    0x08005f26   0x00000002   PAD
    0x08005f28   0x00000074   Code   RO         5445    i.raw_input         raw.o
    0x08005f9c   0x0000000c   Code   RO         4206    i.setArpPeriodFlag  dp83848.o
    0x08005fa8   0x0000000c   Code   RO         4207    i.setArpTimeIndex   dp83848.o
    0x08005fb4   0x0000000c   Code   RO         4208    i.setCheckConnFlag  dp83848.o
    0x08005fc0   0x0000000c   Code   RO         4209    i.setCheckConnTimeIndex  dp83848.o
    0x08005fcc   0x0000000c   Code   RO         4213    i.setLwipTime       dp83848.o
    0x08005fd8   0x0000000c   Code   RO         4219    i.setTcpPeriodFlag  dp83848.o
    0x08005fe4   0x0000000c   Code   RO         4220    i.setTcpTimeIndex   dp83848.o
    0x08005ff0   0x00000008   Code   RO         6027    i.sys_now           sys_arch.o
    0x08005ff8   0x000000a4   Code   RO         5889    i.sys_timeout       timers.o
    0x0800609c   0x00000030   Code   RO         5890    i.sys_timeouts_init  timers.o
    0x080060cc   0x000000a0   Code   RO         5511    i.tcp_abandon       tcp.o
    0x0800616c   0x0000000e   Code   RO         5512    i.tcp_abort         tcp.o
    0x0800617a   0x00000004   Code   RO         5513    i.tcp_accept        tcp.o
    0x0800617e   0x00000008   Code   RO         5514    i.tcp_accept_null   tcp.o
    0x08006186   0x00000002   PAD
    0x08006188   0x000000c4   Code   RO         5515    i.tcp_alloc         tcp.o
    0x0800624c   0x00000004   Code   RO         5516    i.tcp_arg           tcp.o
    0x08006250   0x0000009c   Code   RO         5517    i.tcp_bind          tcp.o
    0x080062ec   0x0000001c   Code   RO         5518    i.tcp_close         tcp.o
    0x08006308   0x000001d4   Code   RO         5519    i.tcp_close_shutdown  tcp.o
    0x080064dc   0x000000ac   Code   RO         5788    i.tcp_create_segment  tcp_out.o
    0x08006588   0x0000002e   Code   RO         5522    i.tcp_eff_send_mss  tcp.o
    0x080065b6   0x00000146   Code   RO         5789    i.tcp_enqueue_flags  tcp_out.o
    0x080066fc   0x00000014   Code   RO         5523    i.tcp_err           tcp.o
    0x08006710   0x0000007c   Code   RO         5524    i.tcp_fasttmr       tcp.o
    0x0800678c   0x00000002   Code   RO         5525    i.tcp_init          tcp.o
    0x0800678e   0x00000002   PAD
    0x08006790   0x000004d0   Code   RO         5740    i.tcp_input         tcp_in.o
    0x08006c60   0x00000044   Code   RO         5790    i.tcp_keepalive     tcp_out.o
    0x08006ca4   0x00000054   Code   RO         5526    i.tcp_kill_prio     tcp.o
    0x08006cf8   0x0000003c   Code   RO         5527    i.tcp_kill_timewait  tcp.o
    0x08006d34   0x00000130   Code   RO         5741    i.tcp_listen_input  tcp_in.o
    0x08006e64   0x000000dc   Code   RO         5528    i.tcp_listen_with_backlog  tcp.o
    0x08006f40   0x0000000a   Code   RO         5529    i.tcp_new           tcp.o
    0x08006f4a   0x00000002   PAD
    0x08006f4c   0x00000068   Code   RO         5530    i.tcp_new_port      tcp.o
    0x08006fb4   0x0000001c   Code   RO         5531    i.tcp_next_iss      tcp.o
    0x08006fd0   0x000001d4   Code   RO         5791    i.tcp_output        tcp_out.o
    0x080071a4   0x00000086   Code   RO         5792    i.tcp_output_alloc_header  tcp_out.o
    0x0800722a   0x00000002   PAD
    0x0800722c   0x000000d0   Code   RO         5793    i.tcp_output_segment  tcp_out.o
    0x080072fc   0x000000b8   Code   RO         5742    i.tcp_parseopt      tcp_in.o
    0x080073b4   0x00000080   Code   RO         5794    i.tcp_pbuf_prealloc  tcp_out.o
    0x08007434   0x00000040   Code   RO         5532    i.tcp_pcb_purge     tcp.o
    0x08007474   0x000000a0   Code   RO         5533    i.tcp_pcb_remove    tcp.o
    0x08007514   0x00000018   Code   RO         5534    i.tcp_poll          tcp.o
    0x0800752c   0x000005ac   Code   RO         5743    i.tcp_process       tcp_in.o
    0x08007ad8   0x0000008c   Code   RO         5535    i.tcp_process_refused_data  tcp.o
    0x08007b64   0x000006c4   Code   RO         5744    i.tcp_receive       tcp_in.o
    0x08008228   0x00000012   Code   RO         5536    i.tcp_recv          tcp.o
    0x0800823a   0x0000002e   Code   RO         5537    i.tcp_recv_null     tcp.o
    0x08008268   0x00000060   Code   RO         5538    i.tcp_recved        tcp.o
    0x080082c8   0x0000005a   Code   RO         5795    i.tcp_rexmit        tcp_out.o
    0x08008322   0x00000070   Code   RO         5796    i.tcp_rexmit_fast   tcp_out.o
    0x08008392   0x0000003a   Code   RO         5797    i.tcp_rexmit_rto    tcp_out.o
    0x080083cc   0x00000086   Code   RO         5798    i.tcp_rst           tcp_out.o
    0x08008452   0x0000001a   Code   RO         5539    i.tcp_seg_free      tcp.o
    0x0800846c   0x00000018   Code   RO         5540    i.tcp_segs_free     tcp.o
    0x08008484   0x0000004e   Code   RO         5799    i.tcp_send_empty_ack  tcp_out.o
    0x080084d2   0x0000004a   Code   RO         5800    i.tcp_send_fin      tcp_out.o
    0x0800851c   0x00000012   Code   RO         5541    i.tcp_sent          tcp.o
    0x0800852e   0x00000004   Code   RO         5542    i.tcp_setprio       tcp.o
    0x08008532   0x00000002   PAD
    0x08008534   0x00000384   Code   RO         5544    i.tcp_slowtmr       tcp.o
    0x080088b8   0x00000038   Code   RO         5892    i.tcp_timer_needed  timers.o
    0x080088f0   0x000000ac   Code   RO         5745    i.tcp_timewait_input  tcp_in.o
    0x0800899c   0x00000024   Code   RO         5545    i.tcp_tmr           tcp.o
    0x080089c0   0x00000058   Code   RO         5546    i.tcp_update_rcv_ann_wnd  tcp.o
    0x08008a18   0x000003e6   Code   RO         5801    i.tcp_write         tcp_out.o
    0x08008dfe   0x00000088   Code   RO         5802    i.tcp_write_checks  tcp_out.o
    0x08008e86   0x000000a4   Code   RO         5803    i.tcp_zero_window_probe  tcp_out.o
    0x08008f2a   0x00000002   PAD
    0x08008f2c   0x00000038   Code   RO         5893    i.tcpip_tcp_timer   timers.o
    0x08008f64   0x00000002   Code   RO         5947    i.udp_init          udp.o
    0x08008f66   0x00000002   PAD
    0x08008f68   0x000001a4   Code   RO         5948    i.udp_input         udp.o
    0x0800910c   0x0000002c   Code   RO         6233    locale$$code        c_w.l(lc_numeric_c.o)
    0x08009138   0x0000002c   Code   RO         6254    locale$$code        c_w.l(lc_ctype_c.o)
    0x08009164   0x00000004   Code   RO         6164    x$fpl$printf1       fz_ws.l(printf1.o)
    0x08009168   0x00000000   Code   RO         6245    x$fpl$usenofp       fz_ws.l(usenofp.o)
    0x08009168   0x0000000c   Data   RO         4590    .constdata          etharp.o
    0x08009174   0x00000008   Data   RO         4961    .constdata          ip_addr.o
    0x0800917c   0x00000028   Data   RO         5203    .constdata          memp.o
    0x080091a4   0x00000050   Data   RO         5547    .constdata          tcp.o
    0x080091f4   0x00000008   Data   RO         6088    .constdata          c_w.l(_printf_wctomb.o)
    0x080091fc   0x00000028   Data   RO         6117    .constdata          c_w.l(_printf_hex_int_ll_ptr.o)
    0x08009224   0x00000011   Data   RO         6137    .constdata          c_w.l(__printf_flags_ss_wp.o)
    0x08009235   0x00000003   PAD
    0x08009238   0x00000094   Data   RO         6208    .constdata          c_w.l(bigflt0.o)
    0x080092cc   0x00000075   Data   RO         5548    .conststring        tcp.o
    0x08009341   0x00000003   PAD
    0x08009344   0x00000020   Data   RO         6379    Region$$Table       anon$$obj.o
    0x08009364   0x0000001c   Data   RO         6232    locale$$data        c_w.l(lc_numeric_c.o)
    0x08009380   0x00000110   Data   RO         6253    locale$$data        c_w.l(lc_ctype_c.o)


    Execution Region RW_IRAM1 (Base: 0x20000000, Size: 0x0000f7e8, Max: 0x00010000, ABSOLUTE, COMPRESSED[0x00000040])

    Base Addr    Size         Type   Attr      Idx    E Section Name        Object

    0x20000000   0x00000014   Data   RW         1713    .data               stm32f10x_rcc.o
    0x20000014   0x00000010   Data   RW         3228    .data               stm32_eth.o
    0x20000024   0x00000003   Data   RW         4114    .data               uartcom2.o
    0x20000027   0x00000001   PAD
    0x20000028   0x00000093   Data   RW         4222    .data               dp83848.o
    0x200000bb   0x00000001   PAD
    0x200000bc   0x00000009   Data   RW         4531    .data               tcpserver.o
    0x200000c5   0x00000001   Data   RW         4591    .data               etharp.o
    0x200000c6   0x00000002   PAD
    0x200000c8   0x00000012   Data   RW         4896    .data               ip.o
    0x200000da   0x00000002   PAD
    0x200000dc   0x00000006   Data   RW         5018    .data               ip_frag.o
    0x200000e2   0x00000002   PAD
    0x200000e4   0x0000000c   Data   RW         5161    .data               mem.o
    0x200000f0   0x00000009   Data   RW         5248    .data               netif.o
    0x200000f9   0x00000003   PAD
    0x200000fc   0x00000004   Data   RW         5451    .data               raw.o
    0x20000100   0x00000024   Data   RW         5549    .data               tcp.o
    0x20000124   0x00000020   Data   RW         5747    .data               tcp_in.o
    0x20000144   0x0000000c   Data   RW         5894    .data               timers.o
    0x20000150   0x00000008   Data   RW         5956    .data               udp.o
    0x20000158   0x00000096   Zero   RW         4113    .bss                uartcom2.o
    0x200001ee   0x00000002   PAD
    0x200001f0   0x00000034   Zero   RW         4221    .bss                dp83848.o
    0x20000224   0x000000c8   Zero   RW         4589    .bss                etharp.o
    0x200002ec   0x00003c00   Zero   RW         4689    .bss                ethernetif.o
    0x20003eec   0x00007d14   Zero   RW         5160    .bss                mem.o
    0x2000bc00   0x00003573   Zero   RW         5202    .bss                memp.o
    0x2000f173   0x00000001   PAD
    0x2000f174   0x00000010   Zero   RW         5746    .bss                tcp_in.o
    0x2000f184   0x00000060   Zero   RW         6249    .bss                c_w.l(libspace.o)
    0x2000f1e4   0x00000004   PAD
    0x2000f1e8   0x00000200   Zero   RW           18    HEAP                startup_stm32f10x_cl.o
    0x2000f3e8   0x00000400   Zero   RW           17    STACK               startup_stm32f10x_cl.o


==============================================================================

Image component sizes


      Code (inc. data)   RO Data    RW Data    ZI Data      Debug   Object Name

         0          0          0          0          0       4560   core_cm3.o
        62          0          0          0          0       1892   def.o
        12          0          0          0          0        417   delay.o
      1230        284          0        147         52      16044   dp83848.o
      2474         62         12          1        200      12797   etharp.o
       684         54          0          0      15360       7481   ethernetif.o
       546         10          0          0          0       3414   icmp.o
         0          0          0          0          0       3800   inet.o
       200          0          0          0          0       2449   inet_chksum.o
        28          0          0          0          0        996   init.o
       762         32          0         18          0      16314   ip.o
        78          0          8          0          0       7194   ip_addr.o
      1868         46          0          6          0      10292   ip_frag.o
        68         10          0          0          0        869   led.o
        92         18          0          0          0      21211   main.o
      1016         70          0         12      32020       4733   mem.o
       204         30         40          0      13683       3018   memp.o
       192         30          0          0          0     281451   misc.o
       368         26          0          9          0       7050   netif.o
      1618          0          0          0          0       8346   pbuf.o
       116         14          0          4          0       1432   raw.o
        64         26        336          0       1536        780   startup_stm32f10x_cl.o
      1650        136          0         16          0      46354   stm32_eth.o
       514         26          0          0          0       5442   stm32f10x_dma.o
       438         12          0          0          0       3721   stm32f10x_gpio.o
        66         10          0          0          0     238253   stm32f10x_it.o
       636         72          0         20          0       8237   stm32f10x_rcc.o
       246         42          0          0          0       3366   stm32f10x_tim.o
       440          6          0          0          0       5332   stm32f10x_usart.o
         8          0          0          0          0        454   sys_arch.o
       396         32          0          0          0       1777   system_stm32f10x.o
      3380        172        197         36          0      29712   tcp.o
      5076        306          0         32         16      16215   tcp_in.o
      3348         10          0          0          0      14099   tcp_out.o
       374         52          0          9          0       4390   tcpserver.o
       246         12          0          0          0       1870   timer3.o
       380         64          0         12          0       3313   timers.o
         8          0          0          0          0        427   totaltimer.o
        68          0          0          0          0     223484   uart.o
       962         88          0          3        150       6968   uartcom2.o
       422         14          0          8          0       3606   udp.o

    ----------------------------------------------------------------------
     30392       1766        628        344      63020    1033560   Object Totals
         0          0         32          0          0          0   (incl. Generated)
        52          0          3         11          3          0   (incl. Padding)

    ----------------------------------------------------------------------

      Code (inc. data)   RO Data    RW Data    ZI Data      Debug   Library Member Name

        90          0          0          0          0          0   __dczerorl2.o
         8          0          0          0          0         68   __main.o
       392          4         17          0          0         92   __printf_flags_ss_wp.o
        14          0          0          0          0         68   __printf_wp.o
         0          0          0          0          0          0   __rtentry.o
        12          0          0          0          0          0   __rtentry2.o
         6          0          0          0          0          0   __rtentry4.o
        52          8          0          0          0          0   __scatter.o
        28          0          0          0          0          0   __scatter_zi.o
         6          0          0          0          0          0   _printf_a.o
         6          0          0          0          0          0   _printf_c.o
        44          0          0          0          0        108   _printf_char.o
        48          6          0          0          0         96   _printf_char_common.o
        40          0          0          0          0         68   _printf_charcount.o
         6          0          0          0          0          0   _printf_d.o
       120         16          0          0          0         92   _printf_dec.o
         6          0          0          0          0          0   _printf_e.o
         6          0          0          0          0          0   _printf_f.o
      1050          0          0          0          0        216   _printf_fp_dec.o
       128         16          0          0          0         84   _printf_fp_infnan.o
         6          0          0          0          0          0   _printf_g.o
       148          4         40          0          0        160   _printf_hex_int_ll_ptr.o
         6          0          0          0          0          0   _printf_i.o
       178          0          0          0          0         88   _printf_intcommon.o
        10          0          0          0          0          0   _printf_l.o
         6          0          0          0          0          0   _printf_lc.o
        10          0          0          0          0          0   _printf_ll.o
         6          0          0          0          0          0   _printf_lld.o
         6          0          0          0          0          0   _printf_lli.o
         6          0          0          0          0          0   _printf_llo.o
         6          0          0          0          0          0   _printf_llu.o
         6          0          0          0          0          0   _printf_llx.o
       124         16          0          0          0         92   _printf_longlong_dec.o
         6          0          0          0          0          0   _printf_ls.o
         6          0          0          0          0          0   _printf_n.o
         6          0          0          0          0          0   _printf_o.o
       112          8          0          0          0        124   _printf_oct_int_ll.o
         6          0          0          0          0          0   _printf_p.o
        78          0          0          0          0        108   _printf_pad.o
         0          0          0          0          0          0   _printf_percent.o
         4          0          0          0          0          0   _printf_percent_end.o
         6          0          0          0          0          0   _printf_s.o
        82          0          0          0          0         80   _printf_str.o
        36          0          0          0          0         84   _printf_truncate.o
         6          0          0          0          0          0   _printf_u.o
        44          0          0          0          0        108   _printf_wchar.o
       188          6          8          0          0         92   _printf_wctomb.o
         6          0          0          0          0          0   _printf_x.o
        16          0          0          0          0         68   _snputc.o
        10          0          0          0          0         68   _sputc.o
        64          0          0          0          0         92   _wcrtomb.o
       220          4        148          0          0         96   bigflt0.o
      1910        128          0          0          0        672   btod.o
        52          4          0          0          0         80   c89vsnprintf.o
        12          0          0          0          0         72   exit.o
         6          0          0          0          0        152   heapauxi.o
         0          0          0          0          0          0   indicate_semi.o
        44         10        272          0          0         76   lc_ctype_c.o
        44         10         28          0          0         76   lc_numeric_c.o
         2          0          0          0          0          0   libinit.o
        30          0          0          0          0          0   libinit2.o
         2          0          0          0          0          0   libshutdown.o
         2          0          0          0          0          0   libshutdown2.o
         8          4          0          0         96         68   libspace.o
       138          0          0          0          0         80   lludiv10.o
        88          0          0          0          0         76   memcmp.o
        16          4          0          0          0         76   rt_ctype_table.o
         8          4          0          0          0         68   rt_locale_intlibspace.o
        78          0          0          0          0         80   rt_memclr_w.o
       138          0          0          0          0         68   rt_memcpy_v6.o
       100          0          0          0          0         80   rt_memcpy_w.o
         2          0          0          0          0          0   rtexit.o
        10          0          0          0          0          0   rtexit2.o
       128          0          0          0          0         68   strcmpv7m.o
        62          0          0          0          0         76   strlen.o
        12          4          0          0          0         68   sys_exit.o
        74          0          0          0          0         80   sys_stackheap_outer.o
         2          0          0          0          0         68   use_no_semi.o
         4          0          0          0          0         68   printf1.o
         0          0          0          0          0          0   usenofp.o
        40          0          0          0          0         68   fpclassify.o

    ----------------------------------------------------------------------
      6496        256        516          0        100       4372   Library Totals
         8          0          3          0          4          0   (incl. Padding)

    ----------------------------------------------------------------------

      Code (inc. data)   RO Data    RW Data    ZI Data      Debug   Library Name

      6444        256        513          0         96       4236   c_w.l
         4          0          0          0          0         68   fz_ws.l
        40          0          0          0          0         68   m_ws.l

    ----------------------------------------------------------------------
      6496        256        516          0        100       4372   Library Totals

    ----------------------------------------------------------------------

==============================================================================


      Code (inc. data)   RO Data    RW Data    ZI Data      Debug   

     36888       2022       1144        344      63120    1021808   Grand Totals
     36888       2022       1144         64      63120    1021808   ELF Image Totals (compressed)
     36888       2022       1144         64          0          0   ROM Totals

==============================================================================

    Total RO  Size (Code + RO Data)                38032 (  37.14kB)
    Total RW  Size (RW Data + ZI Data)             63464 (  61.98kB)
    Total ROM Size (Code + RO Data + RW Data)      38096 (  37.20kB)

==============================================================================

